<html>
<body>
<pre>
<h1>µVision Build Log</h1>
<h2>Tool Versions:</h2>
IDE-Version: ¦ÌVision V5.24.2.0
Copyright (C) 2017 ARM Ltd and ARM Germany GmbH. All rights reserved.
License Information: 33 22, 33, LIC=585FJ-UW88T-WFDI7-E184D-GH9EC-TW8JG
 
Tool Versions:
Toolchain:       MDK-ARM Plus  Version: 5.24.1
Toolchain Path:  D:\keil5\core\ARM\ARMCC\Bin
C Compiler:      Armcc.exe V5.06 update 5 (build 528)
Assembler:       Armasm.exe V5.06 update 5 (build 528)
Linker/Locator:  ArmLink.exe V5.06 update 5 (build 528)
Library Manager: ArmAr.exe V5.06 update 5 (build 528)
Hex Converter:   FromElf.exe V5.06 update 5 (build 528)
CPU DLL:         SARMCM3.DLL V5.24.1
Dialog DLL:      DCM.DLL V1.16.0.0
Target DLL:      Segger\JL2CM3.dll V2.99.26.0
Dialog DLL:      TCM.DLL V1.32.0.0
 
<h2>Project:</h2>
D:\6\´úÂë\gitOnline\stm32f103VE-free\freertosPratice.uvprojx
Project File Date:  12/27/2024

<h2>Output:</h2>
*** Using Compiler 'V5.06 update 5 (build 528)', folder: 'D:\keil5\core\ARM\ARMCC\Bin'
Rebuild target 'Target 1'
assembling startup_stm32f10x_hd.s...
compiling core_cm3.c...
compiling stm32f10x_dac.c...
compiling stm32f10x_bkp.c...
compiling misc.c...
compiling stm32f10x_dbgmcu.c...
compiling stm32f10x_exti.c...
compiling system_stm32f10x.c...
compiling stm32f10x_dma.c...
compiling stm32f10x_adc.c...
compiling stm32f10x_can.c...
compiling stm32f10x_crc.c...
compiling stm32f10x_cec.c...
compiling stm32f10x_fsmc.c...
compiling stm32f10x_flash.c...
compiling stm32f10x_iwdg.c...
compiling stm32f10x_i2c.c...
compiling stm32f10x_gpio.c...
compiling stm32f10x_pwr.c...
compiling mui.c...
U8g2\mui.c(591): warning:  #177-D: function "mui_task_read_nth_selectable_field"  was declared but never referenced
  static uint8_t mui_task_read_nth_selectable_field(mui_t *ui)
U8g2\mui.c: 1 warning, 0 errors
compiling stm32f10x_rtc.c...
compiling stm32f10x_sdio.c...
compiling u8g2_arc.c...
compiling stm32f10x_spi.c...
compiling stm32f10x_rcc.c...
compiling stm32f10x_usart.c...
compiling u8g2_box.c...
compiling u8g2_bitmap.c...
compiling stm32f10x_wwdg.c...
compiling u8g2_buffer.c...
compiling u8g2_button.c...
compiling stm32f10x_tim.c...
compiling u8g2_circle.c...
compiling u8g2_cleardisplay.c...
compiling mui_u8g2.c...
U8g2\mui_u8g2.c(1256): warning:  #177-D: variable "s"  was declared but never referenced
    char *s = buf;
U8g2\mui_u8g2.c: 1 warning, 0 errors
compiling u8g2_d_memory.c...
compiling u8g2_d_setup.c...
compiling u8g2_intersection.c...
compiling u8g2_input_value.c...
compiling u8g2_hvline.c...
compiling u8g2_kerning.c...
compiling u8g2_line.c...
compiling u8g2_ll_hvline.c...
compiling u8log.c...
compiling u8g2_font.c...
compiling u8g2_message.c...
compiling u8log_u8x8.c...
compiling u8g2_polygon.c...
compiling u8log_u8g2.c...
compiling u8g2_selection_list.c...
compiling u8g2_setup.c...
compiling u8x8_debounce.c...
compiling u8x8_d_ssd1306_128x64_noname.c...
compiling u8x8_capture.c...
compiling u8x8_display.c...
compiling u8x8_cad.c...
compiling u8x8_8x8.c...
compiling u8x8_byte.c...
compiling u8x8_gpio.c...
compiling u8x8_input_value.c...
compiling u8x8_selection_list.c...
compiling u8x8_fonts.c...
compiling u8x8_setup.c...
compiling u8x8_message.c...
compiling u8x8_string.c...
compiling u8x8_u8toa.c...
compiling u8x8_u16toa.c...
compiling heap_4.c...
compiling croutine.c...
compiling list.c...
compiling event_groups.c...
compiling queue.c...
compiling timers.c...
compiling main.c...
compiling Delay.c...
compiling stream_buffer.c...
compiling I2C.c...
compiling port.c...
compiling stm32f10x_it.c...
compiling SystemTime.c...
compiling tasks.c...
compiling TIMEncoder.c...
compiling HardwareManage.c...
compiling TaskManage.c...
compiling Application_TIMEncoder.c...
compiling Applocation_UI.c...
compiling u8g2_fonts.c...
linking...
Program Size: Code=6668 RO-data=336 RW-data=112 ZI-data=33264  
".\Objects\freertosPratice.axf" - 0 Error(s), 2 Warning(s).

<h2>Software Packages used:</h2>

Package Vendor: Keil
                http://www.keil.com/pack/Keil.STM32F1xx_DFP.2.2.0.pack
                Keil.STM32F1xx_DFP.2.2.0
                STMicroelectronics STM32F1 Series Device Support, Drivers and Examples

<h2>Collection of Component include folders:</h2>
  .\RTE\_Target_1
  D:\keil5\pack\Keil\STM32F1xx_DFP\2.2.0\Device\Include

<h2>Collection of Component Files used:</h2>
Build Time Elapsed:  00:00:04
</pre>
</body>
</html>
