Component: ARM Compiler 5.06 update 5 (build 528) Tool: armlink [4d35e2]

==============================================================================

Section Cross References

    startup_stm32f10x_hd.o(STACK) refers (Special) to heapauxi.o(.text) for __use_two_region_memory
    startup_stm32f10x_hd.o(HEAP) refers (Special) to heapauxi.o(.text) for __use_two_region_memory
    startup_stm32f10x_hd.o(RESET) refers (Special) to heapauxi.o(.text) for __use_two_region_memory
    startup_stm32f10x_hd.o(RESET) refers to startup_stm32f10x_hd.o(STACK) for __initial_sp
    startup_stm32f10x_hd.o(RESET) refers to startup_stm32f10x_hd.o(.text) for Reset_Handler
    startup_stm32f10x_hd.o(RESET) refers to stm32f10x_it.o(i.NMI_Handler) for NMI_Handler
    startup_stm32f10x_hd.o(RESET) refers to stm32f10x_it.o(i.HardFault_Handler) for HardFault_Handler
    startup_stm32f10x_hd.o(RESET) refers to stm32f10x_it.o(i.MemManage_Handler) for MemManage_Handler
    startup_stm32f10x_hd.o(RESET) refers to stm32f10x_it.o(i.BusFault_Handler) for BusFault_Handler
    startup_stm32f10x_hd.o(RESET) refers to stm32f10x_it.o(i.UsageFault_Handler) for UsageFault_Handler
    startup_stm32f10x_hd.o(RESET) refers to port.o(.emb_text) for SVC_Handler
    startup_stm32f10x_hd.o(RESET) refers to stm32f10x_it.o(i.DebugMon_Handler) for DebugMon_Handler
    startup_stm32f10x_hd.o(RESET) refers to stm32f10x_it.o(i.SysTick_Handler) for SysTick_Handler
    startup_stm32f10x_hd.o(.text) refers (Special) to heapauxi.o(.text) for __use_two_region_memory
    startup_stm32f10x_hd.o(.text) refers to system_stm32f10x.o(i.SystemInit) for SystemInit
    startup_stm32f10x_hd.o(.text) refers to __main.o(!!!main) for __main
    startup_stm32f10x_hd.o(.text) refers to startup_stm32f10x_hd.o(HEAP) for Heap_Mem
    startup_stm32f10x_hd.o(.text) refers to startup_stm32f10x_hd.o(STACK) for Stack_Mem
    system_stm32f10x.o(i.SetSysClock) refers to system_stm32f10x.o(i.SetSysClockTo72) for SetSysClockTo72
    system_stm32f10x.o(i.SystemCoreClockUpdate) refers to system_stm32f10x.o(.data) for .data
    system_stm32f10x.o(i.SystemInit) refers to system_stm32f10x.o(i.SetSysClock) for SetSysClock
    stm32f10x_adc.o(i.ADC_DeInit) refers to stm32f10x_rcc.o(i.RCC_APB2PeriphResetCmd) for RCC_APB2PeriphResetCmd
    stm32f10x_bkp.o(i.BKP_DeInit) refers to stm32f10x_rcc.o(i.RCC_BackupResetCmd) for RCC_BackupResetCmd
    stm32f10x_can.o(i.CAN_DeInit) refers to stm32f10x_rcc.o(i.RCC_APB1PeriphResetCmd) for RCC_APB1PeriphResetCmd
    stm32f10x_can.o(i.CAN_GetITStatus) refers to stm32f10x_can.o(i.CheckITStatus) for CheckITStatus
    stm32f10x_cec.o(i.CEC_DeInit) refers to stm32f10x_rcc.o(i.RCC_APB1PeriphResetCmd) for RCC_APB1PeriphResetCmd
    stm32f10x_dac.o(i.DAC_DeInit) refers to stm32f10x_rcc.o(i.RCC_APB1PeriphResetCmd) for RCC_APB1PeriphResetCmd
    stm32f10x_flash.o(i.FLASH_EnableWriteProtection) refers to stm32f10x_flash.o(i.FLASH_WaitForLastOperation) for FLASH_WaitForLastOperation
    stm32f10x_flash.o(i.FLASH_EraseAllBank1Pages) refers to stm32f10x_flash.o(i.FLASH_WaitForLastBank1Operation) for FLASH_WaitForLastBank1Operation
    stm32f10x_flash.o(i.FLASH_EraseAllPages) refers to stm32f10x_flash.o(i.FLASH_WaitForLastOperation) for FLASH_WaitForLastOperation
    stm32f10x_flash.o(i.FLASH_EraseOptionBytes) refers to stm32f10x_flash.o(i.FLASH_GetReadOutProtectionStatus) for FLASH_GetReadOutProtectionStatus
    stm32f10x_flash.o(i.FLASH_EraseOptionBytes) refers to stm32f10x_flash.o(i.FLASH_WaitForLastOperation) for FLASH_WaitForLastOperation
    stm32f10x_flash.o(i.FLASH_ErasePage) refers to stm32f10x_flash.o(i.FLASH_WaitForLastOperation) for FLASH_WaitForLastOperation
    stm32f10x_flash.o(i.FLASH_ProgramHalfWord) refers to stm32f10x_flash.o(i.FLASH_WaitForLastOperation) for FLASH_WaitForLastOperation
    stm32f10x_flash.o(i.FLASH_ProgramOptionByteData) refers to stm32f10x_flash.o(i.FLASH_WaitForLastOperation) for FLASH_WaitForLastOperation
    stm32f10x_flash.o(i.FLASH_ProgramWord) refers to stm32f10x_flash.o(i.FLASH_WaitForLastOperation) for FLASH_WaitForLastOperation
    stm32f10x_flash.o(i.FLASH_ReadOutProtection) refers to stm32f10x_flash.o(i.FLASH_WaitForLastOperation) for FLASH_WaitForLastOperation
    stm32f10x_flash.o(i.FLASH_UserOptionByteConfig) refers to stm32f10x_flash.o(i.FLASH_WaitForLastOperation) for FLASH_WaitForLastOperation
    stm32f10x_flash.o(i.FLASH_WaitForLastBank1Operation) refers to stm32f10x_flash.o(i.FLASH_GetBank1Status) for FLASH_GetBank1Status
    stm32f10x_flash.o(i.FLASH_WaitForLastOperation) refers to stm32f10x_flash.o(i.FLASH_GetBank1Status) for FLASH_GetBank1Status
    stm32f10x_gpio.o(i.GPIO_AFIODeInit) refers to stm32f10x_rcc.o(i.RCC_APB2PeriphResetCmd) for RCC_APB2PeriphResetCmd
    stm32f10x_gpio.o(i.GPIO_DeInit) refers to stm32f10x_rcc.o(i.RCC_APB2PeriphResetCmd) for RCC_APB2PeriphResetCmd
    stm32f10x_i2c.o(i.I2C_DeInit) refers to stm32f10x_rcc.o(i.RCC_APB1PeriphResetCmd) for RCC_APB1PeriphResetCmd
[...]
    i2c_stop                                 0x080012bf   Thumb Code    42  u8x8_byte.o(i.i2c_stop)
    i.i2c_write_bit                          0x080012e8   Section        0  u8x8_byte.o(i.i2c_write_bit)
    i2c_write_bit                            0x080012e9   Thumb Code    44  u8x8_byte.o(i.i2c_write_bit)
    i.i2c_write_byte                         0x08001314   Section        0  u8x8_byte.o(i.i2c_write_byte)
    i2c_write_byte                           0x08001315   Thumb Code    96  u8x8_byte.o(i.i2c_write_byte)
    i.main                                   0x08001374   Section        0  main.o(i.main)
    i.prvAddCurrentTaskToDelayedList         0x08001390   Section        0  tasks.o(i.prvAddCurrentTaskToDelayedList)
    prvAddCurrentTaskToDelayedList           0x08001391   Thumb Code   130  tasks.o(i.prvAddCurrentTaskToDelayedList)
    i.prvAddNewTaskToReadyList               0x0800141c   Section        0  tasks.o(i.prvAddNewTaskToReadyList)
    prvAddNewTaskToReadyList                 0x0800141d   Thumb Code   156  tasks.o(i.prvAddNewTaskToReadyList)
    i.prvCheckTasksWaitingTermination        0x080014c4   Section        0  tasks.o(i.prvCheckTasksWaitingTermination)
    prvCheckTasksWaitingTermination          0x080014c5   Thumb Code    52  tasks.o(i.prvCheckTasksWaitingTermination)
    i.prvDeleteTCB                           0x08001500   Section        0  tasks.o(i.prvDeleteTCB)
    prvDeleteTCB                             0x08001501   Thumb Code    20  tasks.o(i.prvDeleteTCB)
    i.prvHeapInit                            0x08001514   Section        0  heap_4.o(i.prvHeapInit)
    prvHeapInit                              0x08001515   Thumb Code    62  heap_4.o(i.prvHeapInit)
    i.prvIdleTask                            0x0800155c   Section        0  tasks.o(i.prvIdleTask)
    prvIdleTask                              0x0800155d   Thumb Code    30  tasks.o(i.prvIdleTask)
    i.prvInitialiseNewTask                   0x08001584   Section        0  tasks.o(i.prvInitialiseNewTask)
    prvInitialiseNewTask                     0x08001585   Thumb Code   110  tasks.o(i.prvInitialiseNewTask)
    i.prvInitialiseTaskLists                 0x080015f4   Section        0  tasks.o(i.prvInitialiseTaskLists)
    prvInitialiseTaskLists                   0x080015f5   Thumb Code    74  tasks.o(i.prvInitialiseTaskLists)
    i.prvInsertBlockIntoFreeList             0x0800164c   Section        0  heap_4.o(i.prvInsertBlockIntoFreeList)
    prvInsertBlockIntoFreeList               0x0800164d   Thumb Code    78  heap_4.o(i.prvInsertBlockIntoFreeList)
    i.prvResetNextTaskUnblockTime            0x080016a0   Section        0  tasks.o(i.prvResetNextTaskUnblockTime)
    prvResetNextTaskUnblockTime              0x080016a1   Thumb Code    28  tasks.o(i.prvResetNextTaskUnblockTime)
    i.prvTaskExitError                       0x080016c0   Section        0  port.o(i.prvTaskExitError)
    prvTaskExitError                         0x080016c1   Thumb Code    16  port.o(i.prvTaskExitError)
    i.pvPortMalloc                           0x080016d0   Section        0  heap_4.o(i.pvPortMalloc)
    i.pxPortInitialiseStack                  0x08001770   Section        0  port.o(i.pxPortInitialiseStack)
    i.u8g2Init                               0x0800178c   Section        0  applocation_ui.o(i.u8g2Init)
    i.u8g2_ClearBuffer                       0x080017c0   Section        0  u8g2_buffer.o(i.u8g2_ClearBuffer)
    i.u8g2_DrawGlyph                         0x080017d2   Section        0  u8g2_font.o(i.u8g2_DrawGlyph)
    i.u8g2_DrawHVLine                        0x08001832   Section        0  u8g2_hvline.o(i.u8g2_DrawHVLine)
    i.u8g2_DrawStr                           0x080018e0   Section        0  u8g2_font.o(i.u8g2_DrawStr)
    i.u8g2_IsIntersection                    0x080018f0   Section        0  u8g2_intersection.o(i.u8g2_IsIntersection)
    i.u8g2_SendBuffer                        0x0800191e   Section        0  u8g2_buffer.o(i.u8g2_SendBuffer)
    i.u8g2_SetDrawColor                      0x08001932   Section        0  u8g2_hvline.o(i.u8g2_SetDrawColor)
    i.u8g2_SetFont                           0x08001942   Section        0  u8g2_font.o(i.u8g2_SetFont)
    i.u8g2_SetFontPosBaseline                0x08001964   Section        0  u8g2_font.o(i.u8g2_SetFontPosBaseline)
    i.u8g2_SetMaxClipWindow                  0x08001970   Section        0  u8g2_setup.o(i.u8g2_SetMaxClipWindow)
    i.u8g2_SetupBuffer                       0x08001988   Section        0  u8g2_setup.o(i.u8g2_SetupBuffer)
    i.u8g2_Setup_ssd1306_i2c_128x64_noname_f 0x080019d0   Section        0  u8g2_d_setup.o(i.u8g2_Setup_ssd1306_i2c_128x64_noname_f)
    i.u8g2_UpdateRefHeight                   0x08001a08   Section        0  u8g2_font.o(i.u8g2_UpdateRefHeight)
    i.u8g2_add_vector_x                      0x08001a5e   Section        0  u8g2_font.o(i.u8g2_add_vector_x)
    i.u8g2_add_vector_y                      0x08001a82   Section        0  u8g2_font.o(i.u8g2_add_vector_y)
    i.u8g2_apply_clip_window                 0x08001aa6   Section        0  u8g2_setup.o(i.u8g2_apply_clip_window)
    u8g2_apply_clip_window                   0x08001aa7   Thumb Code   106  u8g2_setup.o(i.u8g2_apply_clip_window)
    i.u8g2_clip_intersection2                0x08001b10   Section        0  u8g2_hvline.o(i.u8g2_clip_intersection2)
    u8g2_clip_intersection2                  0x08001b11   Thumb Code    64  u8g2_hvline.o(i.u8g2_clip_intersection2)
    i.u8g2_draw_hv_line_2dir                 0x08001b50   Section        0  u8g2_hvline.o(i.u8g2_draw_hv_line_2dir)
    i.u8g2_draw_l90_r0                       0x08001b62   Section        0  u8g2_setup.o(i.u8g2_draw_l90_r0)
    i.u8g2_draw_string                       0x08001b6e   Section        0  u8g2_font.o(i.u8g2_draw_string)
    u8g2_draw_string                         0x08001b6f   Thumb Code   114  u8g2_font.o(i.u8g2_draw_string)
    i.u8g2_font_calc_vref_font               0x08001be0   Section        0  u8g2_font.o(i.u8g2_font_calc_vref_font)
    i.u8g2_font_decode_get_signed_bits       0x08001be4   Section        0  u8g2_font.o(i.u8g2_font_decode_get_signed_bits)
    i.u8g2_font_decode_get_unsigned_bits     0x08001bfa   Section        0  u8g2_font.o(i.u8g2_font_decode_get_unsigned_bits)
    i.u8g2_font_decode_glyph                 0x08001c2e   Section        0  u8g2_font.o(i.u8g2_font_decode_glyph)
    i.u8g2_font_decode_len                   0x08001d66   Section        0  u8g2_font.o(i.u8g2_font_decode_len)
    i.u8g2_font_draw_glyph                   0x08001e02   Section        0  u8g2_font.o(i.u8g2_font_draw_glyph)
    u8g2_font_draw_glyph                     0x08001e03   Thumb Code    38  u8g2_font.o(i.u8g2_font_draw_glyph)
    i.u8g2_font_get_byte                     0x08001e28   Section        0  u8g2_font.o(i.u8g2_font_get_byte)
    u8g2_font_get_byte                       0x08001e29   Thumb Code     6  u8g2_font.o(i.u8g2_font_get_byte)
    i.u8g2_font_get_glyph_data               0x08001e2e   Section        0  u8g2_font.o(i.u8g2_font_get_glyph_data)
    i.u8g2_font_get_word                     0x08001ea6   Section        0  u8g2_font.o(i.u8g2_font_get_word)
    u8g2_font_get_word                       0x08001ea7   Thumb Code    20  u8g2_font.o(i.u8g2_font_get_word)
    i.u8g2_font_setup_decode                 0x08001eba   Section        0  u8g2_font.o(i.u8g2_font_setup_decode)
    u8g2_font_setup_decode                   0x08001ebb   Thumb Code    52  u8g2_font.o(i.u8g2_font_setup_decode)
    i.u8g2_gpio_and_delay_stm32              0x08001eee   Section        0  applocation_ui.o(i.u8g2_gpio_and_delay_stm32)
    i.u8g2_is_intersection_decision_tree     0x08001f3e   Section        0  u8g2_intersection.o(i.u8g2_is_intersection_decision_tree)
    i.u8g2_ll_hvline_vertical_top_lsb        0x08001f6a   Section        0  u8g2_ll_hvline.o(i.u8g2_ll_hvline_vertical_top_lsb)
    i.u8g2_m_16_8_f                          0x08001ffc   Section        0  u8g2_d_memory.o(i.u8g2_m_16_8_f)
    i.u8g2_read_font_info                    0x08002008   Section        0  u8g2_font.o(i.u8g2_read_font_info)
    i.u8g2_send_buffer                       0x080020d8   Section        0  u8g2_buffer.o(i.u8g2_send_buffer)
    u8g2_send_buffer                         0x080020d9   Thumb Code    52  u8g2_buffer.o(i.u8g2_send_buffer)
    i.u8g2_send_tile_row                     0x0800210c   Section        0  u8g2_buffer.o(i.u8g2_send_tile_row)
    u8g2_send_tile_row                       0x0800210d   Thumb Code    32  u8g2_buffer.o(i.u8g2_send_tile_row)
    i.u8g2_update_dimension_common           0x0800212c   Section        0  u8g2_setup.o(i.u8g2_update_dimension_common)
    u8g2_update_dimension_common             0x0800212d   Thumb Code    70  u8g2_setup.o(i.u8g2_update_dimension_common)
    i.u8g2_update_dimension_r0               0x08002172   Section        0  u8g2_setup.o(i.u8g2_update_dimension_r0)
    i.u8g2_update_page_win_r0                0x08002176   Section        0  u8g2_setup.o(i.u8g2_update_page_win_r0)
    i.u8x8_DrawTile                          0x0800218e   Section        0  u8x8_display.o(i.u8x8_DrawTile)
    i.u8x8_InitDisplay                       0x080021ac   Section        0  u8x8_display.o(i.u8x8_InitDisplay)
    i.u8x8_RefreshDisplay                    0x080021bc   Section        0  u8x8_display.o(i.u8x8_RefreshDisplay)
    i.u8x8_SetPowerSave                      0x080021cc   Section        0  u8x8_display.o(i.u8x8_SetPowerSave)
    i.u8x8_Setup                             0x080021dc   Section        0  u8x8_setup.o(i.u8x8_Setup)
    i.u8x8_SetupDefaults                     0x08002200   Section        0  u8x8_setup.o(i.u8x8_SetupDefaults)
    i.u8x8_SetupMemory                       0x08002228   Section        0  u8x8_display.o(i.u8x8_SetupMemory)
    i.u8x8_ascii_next                        0x08002238   Section        0  u8x8_8x8.o(i.u8x8_ascii_next)
    i.u8x8_byte_EndTransfer                  0x08002248   Section        0  u8x8_byte.o(i.u8x8_byte_EndTransfer)
    i.u8x8_byte_SendByte                     0x08002258   Section        0  u8x8_byte.o(i.u8x8_byte_SendByte)
    i.u8x8_byte_SendBytes                    0x08002264   Section        0  u8x8_byte.o(i.u8x8_byte_SendBytes)
    i.u8x8_byte_StartTransfer                0x08002274   Section        0  u8x8_byte.o(i.u8x8_byte_StartTransfer)
    i.u8x8_byte_sw_i2c                       0x08002284   Section        0  u8x8_byte.o(i.u8x8_byte_sw_i2c)
    i.u8x8_cad_EndTransfer                   0x080022e0   Section        0  u8x8_cad.o(i.u8x8_cad_EndTransfer)
    i.u8x8_cad_SendArg                       0x080022f0   Section        0  u8x8_cad.o(i.u8x8_cad_SendArg)
    i.u8x8_cad_SendCmd                       0x08002300   Section        0  u8x8_cad.o(i.u8x8_cad_SendCmd)
    i.u8x8_cad_SendData                      0x08002310   Section        0  u8x8_cad.o(i.u8x8_cad_SendData)
    i.u8x8_cad_SendSequence                  0x08002320   Section        0  u8x8_cad.o(i.u8x8_cad_SendSequence)
    i.u8x8_cad_StartTransfer                 0x08002384   Section        0  u8x8_cad.o(i.u8x8_cad_StartTransfer)
    i.u8x8_cad_ssd13xx_fast_i2c              0x08002394   Section        0  u8x8_cad.o(i.u8x8_cad_ssd13xx_fast_i2c)
    i.u8x8_d_helper_display_init             0x0800245c   Section        0  u8x8_display.o(i.u8x8_d_helper_display_init)
    i.u8x8_d_helper_display_setup_memory     0x080024be   Section        0  u8x8_display.o(i.u8x8_d_helper_display_setup_memory)
    i.u8x8_d_ssd1306_128x64_noname           0x080024c8   Section        0  u8x8_d_ssd1306_128x64_noname.o(i.u8x8_d_ssd1306_128x64_noname)
    i.u8x8_d_ssd1306_sh1106_generic          0x0800250c   Section        0  u8x8_d_ssd1306_128x64_noname.o(i.u8x8_d_ssd1306_sh1106_generic)
    u8x8_d_ssd1306_sh1106_generic            0x0800250d   Thumb Code   220  u8x8_d_ssd1306_128x64_noname.o(i.u8x8_d_ssd1306_sh1106_generic)
    i.u8x8_dummy_cb                          0x080025ec   Section        0  u8x8_setup.o(i.u8x8_dummy_cb)
    i.u8x8_gpio_call                         0x080025f0   Section        0  u8x8_gpio.o(i.u8x8_gpio_call)
    i.u8x8_i2c_data_transfer                 0x080025fc   Section        0  u8x8_cad.o(i.u8x8_i2c_data_transfer)
    u8x8_i2c_data_transfer                   0x080025fd   Thumb Code    46  u8x8_cad.o(i.u8x8_i2c_data_transfer)
    i.u8x8_utf8_init                         0x0800262a   Section        0  u8x8_8x8.o(i.u8x8_utf8_init)
    i.uxListRemove                           0x08002632   Section        0  list.o(i.uxListRemove)
    i.vListInitialise                        0x08002658   Section        0  list.o(i.vListInitialise)
    i.vListInitialiseItem                    0x0800266e   Section        0  list.o(i.vListInitialiseItem)
    i.vListInsert                            0x08002674   Section        0  list.o(i.vListInsert)
    i.vPortEnterCritical                     0x080026a4   Section        0  port.o(i.vPortEnterCritical)
    i.vPortExitCritical                      0x080026c0   Section        0  port.o(i.vPortExitCritical)
    i.vPortFree                              0x080026d8   Section        0  heap_4.o(i.vPortFree)
    i.vPortSetupTimerInterrupt               0x0800271c   Section        0  port.o(i.vPortSetupTimerInterrupt)
    i.vRecordOSRunTime                       0x08002734   Section        0  systemtime.o(i.vRecordOSRunTime)
    i.vSystemHardwareDriverInit              0x08002768   Section        0  hardwaremanage.o(i.vSystemHardwareDriverInit)
    i.vSystemHardwareWorkTask                0x0800277a   Section        0  taskmanage.o(i.vSystemHardwareWorkTask)
    i.vTIMEncoderCheckOperation              0x0800278c   Section        0  application_timencoder.o(i.vTIMEncoderCheckOperation)
    i.vTaskCreateFunction                    0x080027b0   Section        0  taskmanage.o(i.vTaskCreateFunction)
    i.vTaskDelay                             0x080027e8   Section        0  tasks.o(i.vTaskDelay)
    i.vTaskStartScheduler                    0x0800281c   Section        0  tasks.o(i.vTaskStartScheduler)
    i.vTaskSuspendAll                        0x0800286c   Section        0  tasks.o(i.vTaskSuspendAll)
    i.vTaskSwitchContext                     0x0800287c   Section        0  tasks.o(i.vTaskSwitchContext)
    i.xPortStartScheduler                    0x080028c4   Section        0  port.o(i.xPortStartScheduler)
    i.xPortSysTickHandler                    0x080028f4   Section        0  port.o(i.xPortSysTickHandler)
    i.xTaskCreate                            0x08002924   Section        0  tasks.o(i.xTaskCreate)
    i.xTaskIncrementTick                     0x0800298c   Section        0  tasks.o(i.xTaskIncrementTick)
    i.xTaskResumeAll                         0x08002aa8   Section        0  tasks.o(i.xTaskResumeAll)
    .constdata                               0x08002bc0   Section     1166  u8g2_fonts.o(.constdata)
    .constdata                               0x08003050   Section       12  u8g2_setup.o(.constdata)
    .constdata                               0x0800305c   Section      344  u8x8_d_ssd1306_128x64_noname.o(.constdata)
    u8x8_d_ssd1306_128x64_noname_powersave0_seq 0x0800305c   Data           5  u8x8_d_ssd1306_128x64_noname.o(.constdata)
    u8x8_d_ssd1306_128x64_noname_powersave1_seq 0x08003061   Data           5  u8x8_d_ssd1306_128x64_noname.o(.constdata)
    u8x8_d_ssd1306_128x64_noname_flip0_seq   0x08003066   Data           7  u8x8_d_ssd1306_128x64_noname.o(.constdata)
    u8x8_d_ssd1306_128x64_noname_flip1_seq   0x0800306d   Data           7  u8x8_d_ssd1306_128x64_noname.o(.constdata)
    u8x8_d_ssd1312_128x64_noname_flip0_seq   0x08003074   Data           7  u8x8_d_ssd1306_128x64_noname.o(.constdata)
    u8x8_d_ssd1312_128x64_noname_flip1_seq   0x0800307b   Data           7  u8x8_d_ssd1306_128x64_noname.o(.constdata)
    u8x8_d_ssd1306_128x64_noname_init_seq    0x08003082   Data          53  u8x8_d_ssd1306_128x64_noname.o(.constdata)
    u8x8_d_ssd1306_128x64_vcomh0_init_seq    0x080030b7   Data          53  u8x8_d_ssd1306_128x64_noname.o(.constdata)
    u8x8_d_ssd1306_128x64_alt0_init_seq      0x080030ec   Data          53  u8x8_d_ssd1306_128x64_noname.o(.constdata)
    u8x8_d_sh1106_128x64_winstar_init_seq    0x08003121   Data          45  u8x8_d_ssd1306_128x64_noname.o(.constdata)
    u8x8_d_ssd1312_128x64_noname_init_seq    0x0800314e   Data          53  u8x8_d_ssd1306_128x64_noname.o(.constdata)
    u8x8_ssd1306_128x64_noname_display_info  0x08003184   Data          24  u8x8_d_ssd1306_128x64_noname.o(.constdata)
    u8x8_sh1106_128x64_noname_display_info   0x0800319c   Data          24  u8x8_d_ssd1306_128x64_noname.o(.constdata)
    .data                                    0x20000000   Section        6  u8x8_cad.o(.data)
    in_transfer                              0x20000000   Data           1  u8x8_cad.o(.data)
    in_transfer                              0x20000001   Data           1  u8x8_cad.o(.data)
    in_transfer                              0x20000002   Data           1  u8x8_cad.o(.data)
    is_data                                  0x20000003   Data           1  u8x8_cad.o(.data)
    in_transfer                              0x20000004   Data           1  u8x8_cad.o(.data)
    is_data                                  0x20000005   Data           1  u8x8_cad.o(.data)
    .data                                    0x20000008   Section       28  heap_4.o(.data)
    pxEnd                                    0x20000008   Data           4  heap_4.o(.data)
    xFreeBytesRemaining                      0x2000000c   Data           4  heap_4.o(.data)
    xMinimumEverFreeBytesRemaining           0x20000010   Data           4  heap_4.o(.data)
    xNumberOfSuccessfulAllocations           0x20000014   Data           4  heap_4.o(.data)
    xNumberOfSuccessfulFrees                 0x20000018   Data           4  heap_4.o(.data)
    xStart                                   0x2000001c   Data           8  heap_4.o(.data)
    .data                                    0x20000024   Section        4  port.o(.data)
    uxCriticalNesting                        0x20000024   Data           4  port.o(.data)
    .data                                    0x20000028   Section       64  tasks.o(.data)
    uxDeletedTasksWaitingCleanUp             0x2000002c   Data           4  tasks.o(.data)
    uxCurrentNumberOfTasks                   0x20000030   Data           4  tasks.o(.data)
    xTickCount                               0x20000034   Data           4  tasks.o(.data)
    uxTopReadyPriority                       0x20000038   Data           4  tasks.o(.data)
    xSchedulerRunning                        0x2000003c   Data           4  tasks.o(.data)
    xPendedTicks                             0x20000040   Data           4  tasks.o(.data)
    xYieldPending                            0x20000044   Data           4  tasks.o(.data)
    xNumOfOverflows                          0x20000048   Data           4  tasks.o(.data)
    uxTaskNumber                             0x2000004c   Data           4  tasks.o(.data)
    xNextTaskUnblockTime                     0x20000050   Data           4  tasks.o(.data)
    xIdleTaskHandle                          0x20000054   Data           4  tasks.o(.data)
    uxSchedulerSuspended                     0x2000005c   Data           4  tasks.o(.data)
    pxDelayedTaskList                        0x20000060   Data           4  tasks.o(.data)
    pxOverflowDelayedTaskList                0x20000064   Data           4  tasks.o(.data)
    .data                                    0x20000068   Section        1  systemtime.o(.data)
    ucTickTime                               0x20000068   Data           1  systemtime.o(.data)
    .data                                    0x2000006c   Section       12  applocation_ui.o(.data)
    eMenu                                    0x2000006c   Data           2  applocation_ui.o(.data)
    .data                                    0x20000078   Section        4  application_timencoder.o(.data)
    TIMEncoderState                          0x20000078   Data           1  application_timencoder.o(.data)
    Button_PC                                0x20000079   Data           1  application_timencoder.o(.data)
    TIMEncoderRotate                         0x2000007a   Data           2  application_timencoder.o(.data)
    .bss                                     0x2000007c   Section     1024  u8g2_d_memory.o(.bss)
    buf                                      0x2000007c   Data        1024  u8g2_d_memory.o(.bss)
    .bss                                     0x2000047c   Section    30720  heap_4.o(.bss)
    ucHeap                                   0x2000047c   Data       30720  heap_4.o(.bss)
    .bss                                     0x20007c7c   Section      740  tasks.o(.bss)
    pxReadyTasksLists                        0x20007c7c   Data         640  tasks.o(.bss)
    xDelayedTaskList1                        0x20007efc   Data          20  tasks.o(.bss)
    xDelayedTaskList2                        0x20007f10   Data          20  tasks.o(.bss)
    xPendingReadyList                        0x20007f24   Data          20  tasks.o(.bss)
    xTasksWaitingTermination                 0x20007f38   Data          20  tasks.o(.bss)
    xSuspendedTaskList                       0x20007f4c   Data          20  tasks.o(.bss)
    .bss                                     0x20007f60   Section       12  systemtime.o(.bss)
    .bss                                     0x20007f6c   Section      148  applocation_ui.o(.bss)
    .bss                                     0x20008000   Section       12  application_timencoder.o(.bss)
    KeyDownTime                              0x20008000   Data          12  application_timencoder.o(.bss)
    .bss                                     0x2000800c   Section       96  libspace.o(.bss)
    HEAP                                     0x20008070   Section      512  startup_stm32f10x_hd.o(HEAP)
    Heap_Mem                                 0x20008070   Data         512  startup_stm32f10x_hd.o(HEAP)
    STACK                                    0x20008270   Section     1024  startup_stm32f10x_hd.o(STACK)
    Stack_Mem                                0x20008270   Data        1024  startup_stm32f10x_hd.o(STACK)
    __initial_sp                             0x20008670   Data           0  startup_stm32f10x_hd.o(STACK)

    Global Symbols

    Symbol Name                              Value     Ov Type        Size  Object(Section)

    BuildAttributes$$THM_ISAv4$P$D$K$B$S$PE$A:L22UL41UL21$X:L11$S22US41US21$IEEE1$IW$USESV6$~STKCKD$USESV7$~SHL$OTIME$ROPI$EBA8$UX$STANDARDLIB$REQ8$PRES8$EABIv2 0x00000000   Number         0  anon$$obj.o ABSOLUTE
    __ARM_use_no_argv                        0x00000000   Number         0  main.o ABSOLUTE
    __ARM_exceptions_init                     - Undefined Weak Reference
    __alloca_initialize                       - Undefined Weak Reference
    __arm_preinit_                            - Undefined Weak Reference
    __cpp_initialize__aeabi_                  - Undefined Weak Reference
    __cxa_finalize                            - Undefined Weak Reference
    __rt_locale                               - Undefined Weak Reference
    __sigvec_lookup                           - Undefined Weak Reference
    __user_heap_extent                        - Undefined Weak Reference
    _atexit_init                              - Undefined Weak Reference
    _call_atexit_fns                          - Undefined Weak Reference
    _clock_init                               - Undefined Weak Reference
    _fp_trap_init                             - Undefined Weak Reference
    _fp_trap_shutdown                         - Undefined Weak Reference
    _get_lc_collate                           - Undefined Weak Reference
    _get_lc_ctype                             - Undefined Weak Reference
    _get_lc_monetary                          - Undefined Weak Reference
    _get_lc_numeric                           - Undefined Weak Reference
    _get_lc_time                              - Undefined Weak Reference
    _getenv_init                              - Undefined Weak Reference
    _handle_redirection                       - Undefined Weak Reference
    _initio                                   - Undefined Weak Reference
    _mutex_acquire                            - Undefined Weak Reference
    _mutex_free                               - Undefined Weak Reference
    _mutex_release                            - Undefined Weak Reference
    _rand_init                                - Undefined Weak Reference
    _signal_finish                            - Undefined Weak Reference
    _signal_init                              - Undefined Weak Reference
    _terminateio                              - Undefined Weak Reference
    __Vectors_Size                           0x00000130   Number         0  startup_stm32f10x_hd.o ABSOLUTE
    __Vectors                                0x08000000   Data           4  startup_stm32f10x_hd.o(RESET)
    __Vectors_End                            0x08000130   Data           0  startup_stm32f10x_hd.o(RESET)
    __main                                   0x08000131   Thumb Code     8  __main.o(!!!main)
    __scatterload                            0x08000139   Thumb Code     0  __scatter.o(!!!scatter)
    __scatterload_rt2                        0x08000139   Thumb Code    44  __scatter.o(!!!scatter)
    __scatterload_rt2_thumb_only             0x08000139   Thumb Code     0  __scatter.o(!!!scatter)
    __scatterload_null                       0x08000147   Thumb Code     0  __scatter.o(!!!scatter)
    __scatterload_copy                       0x0800016d   Thumb Code    26  __scatter_copy.o(!!handler_copy)
    __scatterload_zeroinit                   0x08000189   Thumb Code    28  __scatter_zi.o(!!handler_zi)
    __rt_lib_init                            0x080001a5   Thumb Code     0  libinit.o(.ARM.Collect$$libinit$$00000000)
    __rt_lib_init_fp_1                       0x080001a7   Thumb Code     0  libinit2.o(.ARM.Collect$$libinit$$00000002)
    __rt_lib_init_heap_2                     0x080001a7   Thumb Code     0  libinit2.o(.ARM.Collect$$libinit$$00000005)
    __rt_lib_init_preinit_1                  0x080001a7   Thumb Code     0  libinit2.o(.ARM.Collect$$libinit$$00000004)
    __rt_lib_init_alloca_1                   0x080001af   Thumb Code     0  libinit2.o(.ARM.Collect$$libinit$$0000002E)
    __rt_lib_init_argv_1                     0x080001af   Thumb Code     0  libinit2.o(.ARM.Collect$$libinit$$0000002C)
    __rt_lib_init_atexit_1                   0x080001af   Thumb Code     0  libinit2.o(.ARM.Collect$$libinit$$0000001B)
    __rt_lib_init_clock_1                    0x080001af   Thumb Code     0  libinit2.o(.ARM.Collect$$libinit$$00000021)
    __rt_lib_init_cpp_1                      0x080001af   Thumb Code     0  libinit2.o(.ARM.Collect$$libinit$$00000032)
    __rt_lib_init_exceptions_1               0x080001af   Thumb Code     0  libinit2.o(.ARM.Collect$$libinit$$00000030)
    __rt_lib_init_fp_trap_1                  0x080001af   Thumb Code     0  libinit2.o(.ARM.Collect$$libinit$$0000001F)
    __rt_lib_init_getenv_1                   0x080001af   Thumb Code     0  libinit2.o(.ARM.Collect$$libinit$$00000023)
    __rt_lib_init_heap_1                     0x080001af   Thumb Code     0  libinit2.o(.ARM.Collect$$libinit$$0000000A)
    __rt_lib_init_lc_collate_1               0x080001af   Thumb Code     0  libinit2.o(.ARM.Collect$$libinit$$00000011)
    __rt_lib_init_lc_ctype_1                 0x080001af   Thumb Code     0  libinit2.o(.ARM.Collect$$libinit$$00000013)
    __rt_lib_init_lc_monetary_1              0x080001af   Thumb Code     0  libinit2.o(.ARM.Collect$$libinit$$00000015)
    __rt_lib_init_lc_numeric_1               0x080001af   Thumb Code     0  libinit2.o(.ARM.Collect$$libinit$$00000017)
    __rt_lib_init_lc_time_1                  0x080001af   Thumb Code     0  libinit2.o(.ARM.Collect$$libinit$$00000019)
    __rt_lib_init_rand_1                     0x080001af   Thumb Code     0  libinit2.o(.ARM.Collect$$libinit$$0000000E)
    __rt_lib_init_return                     0x080001af   Thumb Code     0  libinit2.o(.ARM.Collect$$libinit$$00000033)
    __rt_lib_init_signal_1                   0x080001af   Thumb Code     0  libinit2.o(.ARM.Collect$$libinit$$0000001D)
    __rt_lib_init_stdio_1                    0x080001af   Thumb Code     0  libinit2.o(.ARM.Collect$$libinit$$00000025)
    __rt_lib_init_user_alloc_1               0x080001af   Thumb Code     0  libinit2.o(.ARM.Collect$$libinit$$0000000C)
    __rt_lib_shutdown                        0x080001b1   Thumb Code     0  libshutdown.o(.ARM.Collect$$libshutdown$$00000000)
    __rt_lib_shutdown_cpp_1                  0x080001b3   Thumb Code     0  libshutdown2.o(.ARM.Collect$$libshutdown$$00000002)
    __rt_lib_shutdown_fp_trap_1              0x080001b3   Thumb Code     0  libshutdown2.o(.ARM.Collect$$libshutdown$$00000007)
    __rt_lib_shutdown_heap_1                 0x080001b3   Thumb Code     0  libshutdown2.o(.ARM.Collect$$libshutdown$$0000000F)
    __rt_lib_shutdown_return                 0x080001b3   Thumb Code     0  libshutdown2.o(.ARM.Collect$$libshutdown$$00000010)
    __rt_lib_shutdown_signal_1               0x080001b3   Thumb Code     0  libshutdown2.o(.ARM.Collect$$libshutdown$$0000000A)
    __rt_lib_shutdown_stdio_1                0x080001b3   Thumb Code     0  libshutdown2.o(.ARM.Collect$$libshutdown$$00000004)
    __rt_lib_shutdown_user_alloc_1           0x080001b3   Thumb Code     0  libshutdown2.o(.ARM.Collect$$libshutdown$$0000000C)
    __rt_entry                               0x080001b5   Thumb Code     0  __rtentry.o(.ARM.Collect$$rtentry$$00000000)
    __rt_entry_presh_1                       0x080001b5   Thumb Code     0  __rtentry2.o(.ARM.Collect$$rtentry$$00000002)
    __rt_entry_sh                            0x080001b5   Thumb Code     0  __rtentry4.o(.ARM.Collect$$rtentry$$00000004)
    __rt_entry_li                            0x080001bb   Thumb Code     0  __rtentry2.o(.ARM.Collect$$rtentry$$0000000A)
    __rt_entry_postsh_1                      0x080001bb   Thumb Code     0  __rtentry2.o(.ARM.Collect$$rtentry$$00000009)
    __rt_entry_main                          0x080001bf   Thumb Code     0  __rtentry2.o(.ARM.Collect$$rtentry$$0000000D)
    __rt_entry_postli_1                      0x080001bf   Thumb Code     0  __rtentry2.o(.ARM.Collect$$rtentry$$0000000C)
    __rt_exit                                0x080001c7   Thumb Code     0  rtexit.o(.ARM.Collect$$rtexit$$00000000)
    __rt_exit_ls                             0x080001c9   Thumb Code     0  rtexit2.o(.ARM.Collect$$rtexit$$00000003)
    __rt_exit_prels_1                        0x080001c9   Thumb Code     0  rtexit2.o(.ARM.Collect$$rtexit$$00000002)
    __rt_exit_exit                           0x080001cd   Thumb Code     0  rtexit2.o(.ARM.Collect$$rtexit$$00000004)
    SVC_Handler                              0x080001d5   Thumb Code    32  port.o(.emb_text)
    __asm___6_port_c_39a90d8d__prvStartFirstTask 0x080001f9   Thumb Code    28  port.o(.emb_text)
    PendSV_Handler                           0x08000219   Thumb Code    72  port.o(.emb_text)
    vPortGetIPSR                             0x08000265   Thumb Code     6  port.o(.emb_text)
    Reset_Handler                            0x0800026d   Thumb Code     8  startup_stm32f10x_hd.o(.text)
    _maybe_terminate_alloc                   0x0800026d   Thumb Code     0  maybetermalloc1.o(.emb_text)
    ADC1_2_IRQHandler                        0x08000287   Thumb Code     0  startup_stm32f10x_hd.o(.text)
    ADC3_IRQHandler                          0x08000287   Thumb Code     0  startup_stm32f10x_hd.o(.text)
    CAN1_RX1_IRQHandler                      0x08000287   Thumb Code     0  startup_stm32f10x_hd.o(.text)
    CAN1_SCE_IRQHandler                      0x08000287   Thumb Code     0  startup_stm32f10x_hd.o(.text)
    DMA1_Channel1_IRQHandler                 0x08000287   Thumb Code     0  startup_stm32f10x_hd.o(.text)
    DMA1_Channel2_IRQHandler                 0x08000287   Thumb Code     0  startup_stm32f10x_hd.o(.text)
    DMA1_Channel3_IRQHandler                 0x08000287   Thumb Code     0  startup_stm32f10x_hd.o(.text)
    DMA1_Channel4_IRQHandler                 0x08000287   Thumb Code     0  startup_stm32f10x_hd.o(.text)
    DMA1_Channel5_IRQHandler                 0x08000287   Thumb Code     0  startup_stm32f10x_hd.o(.text)
    DMA1_Channel6_IRQHandler                 0x08000287   Thumb Code     0  startup_stm32f10x_hd.o(.text)
    DMA1_Channel7_IRQHandler                 0x08000287   Thumb Code     0  startup_stm32f10x_hd.o(.text)
    DMA2_Channel1_IRQHandler                 0x08000287   Thumb Code     0  startup_stm32f10x_hd.o(.text)
    DMA2_Channel2_IRQHandler                 0x08000287   Thumb Code     0  startup_stm32f10x_hd.o(.text)
    DMA2_Channel3_IRQHandler                 0x08000287   Thumb Code     0  startup_stm32f10x_hd.o(.text)
    DMA2_Channel4_5_IRQHandler               0x08000287   Thumb Code     0  startup_stm32f10x_hd.o(.text)
    EXTI0_IRQHandler                         0x08000287   Thumb Code     0  startup_stm32f10x_hd.o(.text)
    EXTI15_10_IRQHandler                     0x08000287   Thumb Code     0  startup_stm32f10x_hd.o(.text)
    EXTI1_IRQHandler                         0x08000287   Thumb Code     0  startup_stm32f10x_hd.o(.text)
    EXTI2_IRQHandler                         0x08000287   Thumb Code     0  startup_stm32f10x_hd.o(.text)
    EXTI3_IRQHandler                         0x08000287   Thumb Code     0  startup_stm32f10x_hd.o(.text)
    EXTI4_IRQHandler                         0x08000287   Thumb Code     0  startup_stm32f10x_hd.o(.text)
    EXTI9_5_IRQHandler                       0x08000287   Thumb Code     0  startup_stm32f10x_hd.o(.text)
    FLASH_IRQHandler                         0x08000287   Thumb Code     0  startup_stm32f10x_hd.o(.text)
    FSMC_IRQHandler                          0x08000287   Thumb Code     0  startup_stm32f10x_hd.o(.text)
    I2C1_ER_IRQHandler                       0x08000287   Thumb Code     0  startup_stm32f10x_hd.o(.text)
    I2C1_EV_IRQHandler                       0x08000287   Thumb Code     0  startup_stm32f10x_hd.o(.text)
    I2C2_ER_IRQHandler                       0x08000287   Thumb Code     0  startup_stm32f10x_hd.o(.text)
    I2C2_EV_IRQHandler                       0x08000287   Thumb Code     0  startup_stm32f10x_hd.o(.text)
    PVD_IRQHandler                           0x08000287   Thumb Code     0  startup_stm32f10x_hd.o(.text)
    RCC_IRQHandler                           0x08000287   Thumb Code     0  startup_stm32f10x_hd.o(.text)
    RTCAlarm_IRQHandler                      0x08000287   Thumb Code     0  startup_stm32f10x_hd.o(.text)
    RTC_IRQHandler                           0x08000287   Thumb Code     0  startup_stm32f10x_hd.o(.text)
    SDIO_IRQHandler                          0x08000287   Thumb Code     0  startup_stm32f10x_hd.o(.text)
    SPI1_IRQHandler                          0x08000287   Thumb Code     0  startup_stm32f10x_hd.o(.text)
    SPI2_IRQHandler                          0x08000287   Thumb Code     0  startup_stm32f10x_hd.o(.text)
    SPI3_IRQHandler                          0x08000287   Thumb Code     0  startup_stm32f10x_hd.o(.text)
    TAMPER_IRQHandler                        0x08000287   Thumb Code     0  startup_stm32f10x_hd.o(.text)
    TIM1_BRK_IRQHandler                      0x08000287   Thumb Code     0  startup_stm32f10x_hd.o(.text)
    TIM1_CC_IRQHandler                       0x08000287   Thumb Code     0  startup_stm32f10x_hd.o(.text)
    TIM1_TRG_COM_IRQHandler                  0x08000287   Thumb Code     0  startup_stm32f10x_hd.o(.text)
    TIM1_UP_IRQHandler                       0x08000287   Thumb Code     0  startup_stm32f10x_hd.o(.text)
    TIM2_IRQHandler                          0x08000287   Thumb Code     0  startup_stm32f10x_hd.o(.text)
    TIM3_IRQHandler                          0x08000287   Thumb Code     0  startup_stm32f10x_hd.o(.text)
    TIM4_IRQHandler                          0x08000287   Thumb Code     0  startup_stm32f10x_hd.o(.text)
    TIM5_IRQHandler                          0x08000287   Thumb Code     0  startup_stm32f10x_hd.o(.text)
    TIM6_IRQHandler                          0x08000287   Thumb Code     0  startup_stm32f10x_hd.o(.text)
    TIM7_IRQHandler                          0x08000287   Thumb Code     0  startup_stm32f10x_hd.o(.text)
    TIM8_BRK_IRQHandler                      0x08000287   Thumb Code     0  startup_stm32f10x_hd.o(.text)
    TIM8_CC_IRQHandler                       0x08000287   Thumb Code     0  startup_stm32f10x_hd.o(.text)
    TIM8_TRG_COM_IRQHandler                  0x08000287   Thumb Code     0  startup_stm32f10x_hd.o(.text)
    TIM8_UP_IRQHandler                       0x08000287   Thumb Code     0  startup_stm32f10x_hd.o(.text)
    UART4_IRQHandler                         0x08000287   Thumb Code     0  startup_stm32f10x_hd.o(.text)
    UART5_IRQHandler                         0x08000287   Thumb Code     0  startup_stm32f10x_hd.o(.text)
    USART1_IRQHandler                        0x08000287   Thumb Code     0  startup_stm32f10x_hd.o(.text)
    USART2_IRQHandler                        0x08000287   Thumb Code     0  startup_stm32f10x_hd.o(.text)
    USART3_IRQHandler                        0x08000287   Thumb Code     0  startup_stm32f10x_hd.o(.text)
    USBWakeUp_IRQHandler                     0x08000287   Thumb Code     0  startup_stm32f10x_hd.o(.text)
    USB_HP_CAN1_TX_IRQHandler                0x08000287   Thumb Code     0  startup_stm32f10x_hd.o(.text)
    USB_LP_CAN1_RX0_IRQHandler               0x08000287   Thumb Code     0  startup_stm32f10x_hd.o(.text)
    WWDG_IRQHandler                          0x08000287   Thumb Code     0  startup_stm32f10x_hd.o(.text)
    __user_initial_stackheap                 0x08000289   Thumb Code     0  startup_stm32f10x_hd.o(.text)
    malloc                                   0x080002ad   Thumb Code    94  h1_alloc.o(.text)
    strcpy                                   0x0800030b   Thumb Code    72  strcpy.o(.text)
    __aeabi_memclr                           0x08000353   Thumb Code     0  rt_memclr.o(.text)
    __rt_memclr                              0x08000353   Thumb Code    68  rt_memclr.o(.text)
    _memset                                  0x08000357   Thumb Code     0  rt_memclr.o(.text)
    __aeabi_memclr4                          0x08000397   Thumb Code     0  rt_memclr_w.o(.text)
    __aeabi_memclr8                          0x08000397   Thumb Code     0  rt_memclr_w.o(.text)
    __rt_memclr_w                            0x08000397   Thumb Code    78  rt_memclr_w.o(.text)
    _memset_w                                0x0800039b   Thumb Code     0  rt_memclr_w.o(.text)
    __use_two_region_memory                  0x080003e5   Thumb Code     2  heapauxi.o(.text)
    __rt_heap_escrow                         0x080003e7   Thumb Code     2  heapauxi.o(.text)
    __rt_heap_expand                         0x080003e9   Thumb Code     2  heapauxi.o(.text)
    __rt_heap_descriptor                     0x080003ed   Thumb Code     8  rt_heap_descriptor_intlibspace.o(.text)
    __use_no_heap                            0x080003f5   Thumb Code     2  hguard.o(.text)
    __heap$guard                             0x080003f7   Thumb Code     2  hguard.o(.text)
    _terminate_user_alloc                    0x080003f9   Thumb Code     2  init_alloc.o(.text)
    _init_user_alloc                         0x080003fb   Thumb Code     2  init_alloc.o(.text)
    __Heap_Full                              0x080003fd   Thumb Code    34  init_alloc.o(.text)
    __Heap_Broken                            0x0800041f   Thumb Code     6  init_alloc.o(.text)
    _init_alloc                              0x08000425   Thumb Code    94  init_alloc.o(.text)
    __Heap_Initialize                        0x08000483   Thumb Code    10  h1_init.o(.text)
    __Heap_DescSize                          0x0800048d   Thumb Code     4  h1_init.o(.text)
    free                                     0x08000491   Thumb Code    78  h1_free.o(.text)
    __user_libspace                          0x080004e1   Thumb Code     8  libspace.o(.text)
    __user_perproc_libspace                  0x080004e1   Thumb Code     0  libspace.o(.text)
    __user_perthread_libspace                0x080004e1   Thumb Code     0  libspace.o(.text)
    __Heap_ProvideMemory                     0x080004e9   Thumb Code    52  h1_extend.o(.text)
    __rt_SIGRTMEM                            0x0800051d   Thumb Code    14  defsig_rtmem_outer.o(.text)
    __I$use$semihosting                      0x0800052b   Thumb Code     0  use_no_semi.o(.text)
    __use_no_semihosting_swi                 0x0800052b   Thumb Code     2  use_no_semi.o(.text)
    __semihosting_library_function           0x0800052d   Thumb Code     0  indicate_semi.o(.text)
    __user_setup_stackheap                   0x0800052d   Thumb Code    74  sys_stackheap_outer.o(.text)
    exit                                     0x08000577   Thumb Code    18  exit.o(.text)
    __sig_exit                               0x08000589   Thumb Code    10  defsig_exit.o(.text)
    __rt_SIGRTMEM_inner                      0x08000595   Thumb Code    22  defsig_rtmem_inner.o(.text)
    _sys_exit                                0x080005e5   Thumb Code     8  sys_exit.o(.text)
    __default_signal_display                 0x080005f1   Thumb Code    50  defsig_general.o(.text)
    _ttywrch                                 0x08000623   Thumb Code    14  sys_wrch.o(.text)
    BusFault_Handler                         0x08000631   Thumb Code     2  stm32f10x_it.o(i.BusFault_Handler)
    DebugMon_Handler                         0x08000633   Thumb Code     2  stm32f10x_it.o(i.DebugMon_Handler)
    Delay_ms                                 0x08000635   Thumb Code    24  delay.o(i.Delay_ms)
    Delay_us                                 0x0800064d   Thumb Code    32  delay.o(i.Delay_us)
    GPIO_Init                                0x0800066d   Thumb Code   166  stm32f10x_gpio.o(i.GPIO_Init)
    GPIO_ReadInputDataBit                    0x08000713   Thumb Code    14  stm32f10x_gpio.o(i.GPIO_ReadInputDataBit)
    GPIO_ResetBits                           0x08000721   Thumb Code     4  stm32f10x_gpio.o(i.GPIO_ResetBits)
    GPIO_SetBits                             0x08000725   Thumb Code     4  stm32f10x_gpio.o(i.GPIO_SetBits)
    GetOSRunTimeNow                          0x08000729   Thumb Code    16  systemtime.o(i.GetOSRunTimeNow)
    HardFault_Handler                        0x0800073d   Thumb Code     2  stm32f10x_it.o(i.HardFault_Handler)
    MemManage_Handler                        0x0800073f   Thumb Code     2  stm32f10x_it.o(i.MemManage_Handler)
    Menu_Init                                0x08000741   Thumb Code   134  applocation_ui.o(i.Menu_Init)
    NMI_Handler                              0x08000819   Thumb Code     2  stm32f10x_it.o(i.NMI_Handler)
    NVIC_PriorityGroupConfig                 0x0800081d   Thumb Code    10  misc.o(i.NVIC_PriorityGroupConfig)
    OLED_I2C_Init                            0x08000831   Thumb Code    88  i2c.o(i.OLED_I2C_Init)
    OLED_I2C_SCL_High                        0x0800088d   Thumb Code    10  i2c.o(i.OLED_I2C_SCL_High)
    OLED_I2C_SCL_Low                         0x0800089d   Thumb Code    10  i2c.o(i.OLED_I2C_SCL_Low)
    OLED_I2C_SDA_High                        0x080008ad   Thumb Code    10  i2c.o(i.OLED_I2C_SDA_High)
    OLED_I2C_SDA_Low                         0x080008bd   Thumb Code    10  i2c.o(i.OLED_I2C_SDA_Low)
    OLED_UI_Init                             0x080008cd   Thumb Code    16  applocation_ui.o(i.OLED_UI_Init)
    RCC_APB1PeriphClockCmd                   0x080008e1   Thumb Code    22  stm32f10x_rcc.o(i.RCC_APB1PeriphClockCmd)
    RCC_APB2PeriphClockCmd                   0x080008fd   Thumb Code    22  stm32f10x_rcc.o(i.RCC_APB2PeriphClockCmd)
    SingleTimeoutCheck                       0x080009cd   Thumb Code   152  systemtime.o(i.SingleTimeoutCheck)
    SysTick_Handler                          0x08000a65   Thumb Code     4  stm32f10x_it.o(i.SysTick_Handler)
    SystemInit                               0x08000a69   Thumb Code    64  system_stm32f10x.o(i.SystemInit)
    TIM_Cmd                                  0x08000c9d   Thumb Code    24  stm32f10x_tim.o(i.TIM_Cmd)
    TIM_EncoderInterfaceConfig               0x08000cb5   Thumb Code    50  stm32f10x_tim.o(i.TIM_EncoderInterfaceConfig)
    TIM_Encoder_Init                         0x08000ce9   Thumb Code   192  timencoder.o(i.TIM_Encoder_Init)
    TIM_GetCounter                           0x08000db5   Thumb Code     4  stm32f10x_tim.o(i.TIM_GetCounter)
    TIM_ICInit                               0x08000db9   Thumb Code   122  stm32f10x_tim.o(i.TIM_ICInit)
    TIM_ICStructInit                         0x08000e45   Thumb Code    16  stm32f10x_tim.o(i.TIM_ICStructInit)
    TIM_SetCounter                           0x08000e55   Thumb Code     4  stm32f10x_tim.o(i.TIM_SetCounter)
    TIM_SetIC1Prescaler                      0x08000e59   Thumb Code    16  stm32f10x_tim.o(i.TIM_SetIC1Prescaler)
    TIM_SetIC2Prescaler                      0x08000e69   Thumb Code    24  stm32f10x_tim.o(i.TIM_SetIC2Prescaler)
    TIM_SetIC3Prescaler                      0x08000e81   Thumb Code    16  stm32f10x_tim.o(i.TIM_SetIC3Prescaler)
    TIM_SetIC4Prescaler                      0x08000e91   Thumb Code    24  stm32f10x_tim.o(i.TIM_SetIC4Prescaler)
    TIM_TimeBaseInit                         0x08000ea9   Thumb Code   114  stm32f10x_tim.o(i.TIM_TimeBaseInit)
    UI_Display                               0x08000f45   Thumb Code    14  applocation_ui.o(i.UI_Display)
    UsageFault_Handler                       0x08000f53   Thumb Code     2  stm32f10x_it.o(i.UsageFault_Handler)
    addSubItem                               0x08000f55   Thumb Code    26  applocation_ui.o(i.addSubItem)
    createMenuItem                           0x08000f6f   Thumb Code    38  applocation_ui.o(i.createMenuItem)
    drawMenu                                 0x08000f95   Thumb Code    80  applocation_ui.o(i.drawMenu)
    eTIMEncoder1State                        0x08000ff1   Thumb Code   284  application_timencoder.o(i.eTIMEncoder1State)
    eTIMEncoderExternState                   0x08001119   Thumb Code     6  application_timencoder.o(i.eTIMEncoderExternState)
    eTIMEncoderTurnState                     0x08001125   Thumb Code    92  application_timencoder.o(i.eTIMEncoderTurnState)
    handleButtonPress                        0x08001189   Thumb Code   106  applocation_ui.o(i.handleButtonPress)
    main                                     0x08001375   Thumb Code    26  main.o(i.main)
    pvPortMalloc                             0x080016d1   Thumb Code   154  heap_4.o(i.pvPortMalloc)
    pxPortInitialiseStack                    0x08001771   Thumb Code    24  port.o(i.pxPortInitialiseStack)
    u8g2Init                                 0x0800178d   Thumb Code    40  applocation_ui.o(i.u8g2Init)
    u8g2_ClearBuffer                         0x080017c1   Thumb Code    18  u8g2_buffer.o(i.u8g2_ClearBuffer)
    u8g2_DrawGlyph                           0x080017d3   Thumb Code    96  u8g2_font.o(i.u8g2_DrawGlyph)
    u8g2_DrawHVLine                          0x08001833   Thumb Code   174  u8g2_hvline.o(i.u8g2_DrawHVLine)
    u8g2_DrawStr                             0x080018e1   Thumb Code    12  u8g2_font.o(i.u8g2_DrawStr)
    u8g2_IsIntersection                      0x080018f1   Thumb Code    46  u8g2_intersection.o(i.u8g2_IsIntersection)
    u8g2_SendBuffer                          0x0800191f   Thumb Code    20  u8g2_buffer.o(i.u8g2_SendBuffer)
    u8g2_SetDrawColor                        0x08001933   Thumb Code    16  u8g2_hvline.o(i.u8g2_SetDrawColor)
    u8g2_SetFont                             0x08001943   Thumb Code    32  u8g2_font.o(i.u8g2_SetFont)
    u8g2_SetFontPosBaseline                  0x08001965   Thumb Code     6  u8g2_font.o(i.u8g2_SetFontPosBaseline)
    u8g2_SetMaxClipWindow                    0x08001971   Thumb Code    24  u8g2_setup.o(i.u8g2_SetMaxClipWindow)
    u8g2_SetupBuffer                         0x08001989   Thumb Code    70  u8g2_setup.o(i.u8g2_SetupBuffer)
    u8g2_Setup_ssd1306_i2c_128x64_noname_f   0x080019d1   Thumb Code    44  u8g2_d_setup.o(i.u8g2_Setup_ssd1306_i2c_128x64_noname_f)
    u8g2_UpdateRefHeight                     0x08001a09   Thumb Code    86  u8g2_font.o(i.u8g2_UpdateRefHeight)
    u8g2_add_vector_x                        0x08001a5f   Thumb Code    36  u8g2_font.o(i.u8g2_add_vector_x)
    u8g2_add_vector_y                        0x08001a83   Thumb Code    36  u8g2_font.o(i.u8g2_add_vector_y)
    u8g2_draw_hv_line_2dir                   0x08001b51   Thumb Code    18  u8g2_hvline.o(i.u8g2_draw_hv_line_2dir)
    u8g2_draw_l90_r0                         0x08001b63   Thumb Code    12  u8g2_setup.o(i.u8g2_draw_l90_r0)
    u8g2_font_calc_vref_font                 0x08001be1   Thumb Code     4  u8g2_font.o(i.u8g2_font_calc_vref_font)
    u8g2_font_decode_get_signed_bits         0x08001be5   Thumb Code    22  u8g2_font.o(i.u8g2_font_decode_get_signed_bits)
    u8g2_font_decode_get_unsigned_bits       0x08001bfb   Thumb Code    52  u8g2_font.o(i.u8g2_font_decode_get_unsigned_bits)
    u8g2_font_decode_glyph                   0x08001c2f   Thumb Code   312  u8g2_font.o(i.u8g2_font_decode_glyph)
    u8g2_font_decode_len                     0x08001d67   Thumb Code   156  u8g2_font.o(i.u8g2_font_decode_len)
    u8g2_font_get_glyph_data                 0x08001e2f   Thumb Code   120  u8g2_font.o(i.u8g2_font_get_glyph_data)
    u8g2_gpio_and_delay_stm32                0x08001eef   Thumb Code    80  applocation_ui.o(i.u8g2_gpio_and_delay_stm32)
    u8g2_is_intersection_decision_tree       0x08001f3f   Thumb Code    44  u8g2_intersection.o(i.u8g2_is_intersection_decision_tree)
    u8g2_ll_hvline_vertical_top_lsb          0x08001f6b   Thumb Code   144  u8g2_ll_hvline.o(i.u8g2_ll_hvline_vertical_top_lsb)
    u8g2_m_16_8_f                            0x08001ffd   Thumb Code     8  u8g2_d_memory.o(i.u8g2_m_16_8_f)
    u8g2_read_font_info                      0x08002009   Thumb Code   208  u8g2_font.o(i.u8g2_read_font_info)
    u8g2_update_dimension_r0                 0x08002173   Thumb Code     4  u8g2_setup.o(i.u8g2_update_dimension_r0)
    u8g2_update_page_win_r0                  0x08002177   Thumb Code    24  u8g2_setup.o(i.u8g2_update_page_win_r0)
    u8x8_DrawTile                            0x0800218f   Thumb Code    30  u8x8_display.o(i.u8x8_DrawTile)
    u8x8_InitDisplay                         0x080021ad   Thumb Code    16  u8x8_display.o(i.u8x8_InitDisplay)
    u8x8_RefreshDisplay                      0x080021bd   Thumb Code    16  u8x8_display.o(i.u8x8_RefreshDisplay)
    u8x8_SetPowerSave                        0x080021cd   Thumb Code    16  u8x8_display.o(i.u8x8_SetPowerSave)
    u8x8_Setup                               0x080021dd   Thumb Code    36  u8x8_setup.o(i.u8x8_Setup)
    u8x8_SetupDefaults                       0x08002201   Thumb Code    34  u8x8_setup.o(i.u8x8_SetupDefaults)
    u8x8_SetupMemory                         0x08002229   Thumb Code    16  u8x8_display.o(i.u8x8_SetupMemory)
    u8x8_ascii_next                          0x08002239   Thumb Code    16  u8x8_8x8.o(i.u8x8_ascii_next)
    u8x8_byte_EndTransfer                    0x08002249   Thumb Code    16  u8x8_byte.o(i.u8x8_byte_EndTransfer)
    u8x8_byte_SendByte                       0x08002259   Thumb Code    12  u8x8_byte.o(i.u8x8_byte_SendByte)
    u8x8_byte_SendBytes                      0x08002265   Thumb Code    16  u8x8_byte.o(i.u8x8_byte_SendBytes)
    u8x8_byte_StartTransfer                  0x08002275   Thumb Code    16  u8x8_byte.o(i.u8x8_byte_StartTransfer)
    u8x8_byte_sw_i2c                         0x08002285   Thumb Code    92  u8x8_byte.o(i.u8x8_byte_sw_i2c)
    u8x8_cad_EndTransfer                     0x080022e1   Thumb Code    16  u8x8_cad.o(i.u8x8_cad_EndTransfer)
    u8x8_cad_SendArg                         0x080022f1   Thumb Code    16  u8x8_cad.o(i.u8x8_cad_SendArg)
    u8x8_cad_SendCmd                         0x08002301   Thumb Code    16  u8x8_cad.o(i.u8x8_cad_SendCmd)
    u8x8_cad_SendData                        0x08002311   Thumb Code    16  u8x8_cad.o(i.u8x8_cad_SendData)
    u8x8_cad_SendSequence                    0x08002321   Thumb Code   100  u8x8_cad.o(i.u8x8_cad_SendSequence)
    u8x8_cad_StartTransfer                   0x08002385   Thumb Code    16  u8x8_cad.o(i.u8x8_cad_StartTransfer)
    u8x8_cad_ssd13xx_fast_i2c                0x08002395   Thumb Code   194  u8x8_cad.o(i.u8x8_cad_ssd13xx_fast_i2c)
    u8x8_d_helper_display_init               0x0800245d   Thumb Code    98  u8x8_display.o(i.u8x8_d_helper_display_init)
    u8x8_d_helper_display_setup_memory       0x080024bf   Thumb Code    10  u8x8_display.o(i.u8x8_d_helper_display_setup_memory)
    u8x8_d_ssd1306_128x64_noname             0x080024c9   Thumb Code    60  u8x8_d_ssd1306_128x64_noname.o(i.u8x8_d_ssd1306_128x64_noname)
    u8x8_dummy_cb                            0x080025ed   Thumb Code     4  u8x8_setup.o(i.u8x8_dummy_cb)
    u8x8_gpio_call                           0x080025f1   Thumb Code    12  u8x8_gpio.o(i.u8x8_gpio_call)
    u8x8_utf8_init                           0x0800262b   Thumb Code     8  u8x8_8x8.o(i.u8x8_utf8_init)
    uxListRemove                             0x08002633   Thumb Code    38  list.o(i.uxListRemove)
    vListInitialise                          0x08002659   Thumb Code    22  list.o(i.vListInitialise)
    vListInitialiseItem                      0x0800266f   Thumb Code     6  list.o(i.vListInitialiseItem)
    vListInsert                              0x08002675   Thumb Code    48  list.o(i.vListInsert)
    vPortEnterCritical                       0x080026a5   Thumb Code    24  port.o(i.vPortEnterCritical)
    vPortExitCritical                        0x080026c1   Thumb Code    18  port.o(i.vPortExitCritical)
    vPortFree                                0x080026d9   Thumb Code    64  heap_4.o(i.vPortFree)
    vPortSetupTimerInterrupt                 0x0800271d   Thumb Code    20  port.o(i.vPortSetupTimerInterrupt)
    vRecordOSRunTime                         0x08002735   Thumb Code    44  systemtime.o(i.vRecordOSRunTime)
    vSystemHardwareDriverInit                0x08002769   Thumb Code    18  hardwaremanage.o(i.vSystemHardwareDriverInit)
    vSystemHardwareWorkTask                  0x0800277b   Thumb Code    16  taskmanage.o(i.vSystemHardwareWorkTask)
    vTIMEncoderCheckOperation                0x0800278d   Thumb Code    32  application_timencoder.o(i.vTIMEncoderCheckOperation)
    vTaskCreateFunction                      0x080027b1   Thumb Code    26  taskmanage.o(i.vTaskCreateFunction)
    vTaskDelay                               0x080027e9   Thumb Code    48  tasks.o(i.vTaskDelay)
    vTaskStartScheduler                      0x0800281d   Thumb Code    64  tasks.o(i.vTaskStartScheduler)
    vTaskSuspendAll                          0x0800286d   Thumb Code    10  tasks.o(i.vTaskSuspendAll)
    vTaskSwitchContext                       0x0800287d   Thumb Code    64  tasks.o(i.vTaskSwitchContext)
    xPortStartScheduler                      0x080028c5   Thumb Code    38  port.o(i.xPortStartScheduler)
    xPortSysTickHandler                      0x080028f5   Thumb Code    42  port.o(i.xPortSysTickHandler)
    xTaskCreate                              0x08002925   Thumb Code   104  tasks.o(i.xTaskCreate)
    xTaskIncrementTick                       0x0800298d   Thumb Code   274  tasks.o(i.xTaskIncrementTick)
    xTaskResumeAll                           0x08002aa9   Thumb Code   262  tasks.o(i.xTaskResumeAll)
    u8g2_font_ncenB08_tr                     0x08002bc0   Data        1166  u8g2_fonts.o(.constdata)
    u8g2_cb_r0                               0x08003050   Data          12  u8g2_setup.o(.constdata)
    Region$$Table$$Base                      0x080031b4   Number         0  anon$$obj.o(Region$$Table)
    Region$$Table$$Limit                     0x080031d4   Number         0  anon$$obj.o(Region$$Table)
    pxCurrentTCB                             0x20000028   Data           4  tasks.o(.data)
    uxTopUsedPriority                        0x20000058   Data           4  tasks.o(.data)
    currentMenu                              0x20000070   Data           4  applocation_ui.o(.data)
    currentSelected                          0x20000074   Data           4  applocation_ui.o(.data)
    OS_RunTime                               0x20007f60   Data          12  systemtime.o(.bss)
    u8g2                                     0x20007f6c   Data         148  applocation_ui.o(.bss)
    __libspace_start                         0x2000800c   Data          96  libspace.o(.bss)
    __temporary_stack_top$libspace           0x2000806c   Data           0  libspace.o(.bss)



==============================================================================

Memory Map of the image

  Image Entry point : 0x08000131

  Load Region LR_IROM1 (Base: 0x08000000, Size: 0x00003250, Max: 0x00080000, ABSOLUTE)

    Execution Region ER_IROM1 (Exec base: 0x08000000, Load base: 0x08000000, Size: 0x000031d4, Max: 0x00080000, ABSOLUTE)

    Exec Addr    Load Addr    Size         Type   Attr      Idx    E Section Name        Object

    0x08000000   0x08000000   0x00000130   Data   RO           19    RESET               startup_stm32f10x_hd.o
    0x08000130   0x08000130   0x00000008   Code   RO         9403  * !!!main             c_w.l(__main.o)
    0x08000138   0x08000138   0x00000034   Code   RO         9612    !!!scatter          c_w.l(__scatter.o)
    0x0800016c   0x0800016c   0x0000001a   Code   RO         9614    !!handler_copy      c_w.l(__scatter_copy.o)
    0x08000186   0x08000186   0x00000002   PAD
    0x08000188   0x08000188   0x0000001c   Code   RO         9616    !!handler_zi        c_w.l(__scatter_zi.o)
    0x080001a4   0x080001a4   0x00000002   Code   RO         9551    .ARM.Collect$$libinit$$00000000  c_w.l(libinit.o)
    0x080001a6   0x080001a6   0x00000000   Code   RO         9444    .ARM.Collect$$libinit$$00000002  c_w.l(libinit2.o)
    0x080001a6   0x080001a6   0x00000000   Code   RO         9446    .ARM.Collect$$libinit$$00000004  c_w.l(libinit2.o)
    0x080001a6   0x080001a6   0x00000008   Code   RO         9447    .ARM.Collect$$libinit$$00000005  c_w.l(libinit2.o)
    0x080001ae   0x080001ae   0x00000000   Code   RO         9449    .ARM.Collect$$libinit$$0000000A  c_w.l(libinit2.o)
    0x080001ae   0x080001ae   0x00000000   Code   RO         9451    .ARM.Collect$$libinit$$0000000C  c_w.l(libinit2.o)
    0x080001ae   0x080001ae   0x00000000   Code   RO         9453    .ARM.Collect$$libinit$$0000000E  c_w.l(libinit2.o)
    0x080001ae   0x080001ae   0x00000000   Code   RO         9456    .ARM.Collect$$libinit$$00000011  c_w.l(libinit2.o)
    0x080001ae   0x080001ae   0x00000000   Code   RO         9458    .ARM.Collect$$libinit$$00000013  c_w.l(libinit2.o)
    0x080001ae   0x080001ae   0x00000000   Code   RO         9460    .ARM.Collect$$libinit$$00000015  c_w.l(libinit2.o)
    0x080001ae   0x080001ae   0x00000000   Code   RO         9462    .ARM.Collect$$libinit$$00000017  c_w.l(libinit2.o)
    0x080001ae   0x080001ae   0x00000000   Code   RO         9464    .ARM.Collect$$libinit$$00000019  c_w.l(libinit2.o)
    0x080001ae   0x080001ae   0x00000000   Code   RO         9466    .ARM.Collect$$libinit$$0000001B  c_w.l(libinit2.o)
    0x080001ae   0x080001ae   0x00000000   Code   RO         9468    .ARM.Collect$$libinit$$0000001D  c_w.l(libinit2.o)
    0x080001ae   0x080001ae   0x00000000   Code   RO         9470    .ARM.Collect$$libinit$$0000001F  c_w.l(libinit2.o)
    0x080001ae   0x080001ae   0x00000000   Code   RO         9472    .ARM.Collect$$libinit$$00000021  c_w.l(libinit2.o)
    0x080001ae   0x080001ae   0x00000000   Code   RO         9474    .ARM.Collect$$libinit$$00000023  c_w.l(libinit2.o)
    0x080001ae   0x080001ae   0x00000000   Code   RO         9476    .ARM.Collect$$libinit$$00000025  c_w.l(libinit2.o)
    0x080001ae   0x080001ae   0x00000000   Code   RO         9480    .ARM.Collect$$libinit$$0000002C  c_w.l(libinit2.o)
    0x080001ae   0x080001ae   0x00000000   Code   RO         9482    .ARM.Collect$$libinit$$0000002E  c_w.l(libinit2.o)
    0x080001ae   0x080001ae   0x00000000   Code   RO         9484    .ARM.Collect$$libinit$$00000030  c_w.l(libinit2.o)
    0x080001ae   0x080001ae   0x00000000   Code   RO         9486    .ARM.Collect$$libinit$$00000032  c_w.l(libinit2.o)
    0x080001ae   0x080001ae   0x00000002   Code   RO         9487    .ARM.Collect$$libinit$$00000033  c_w.l(libinit2.o)
    0x080001b0   0x080001b0   0x00000002   Code   RO         9609    .ARM.Collect$$libshutdown$$00000000  c_w.l(libshutdown.o)
    0x080001b2   0x080001b2   0x00000000   Code   RO         9565    .ARM.Collect$$libshutdown$$00000002  c_w.l(libshutdown2.o)
    0x080001b2   0x080001b2   0x00000000   Code   RO         9567    .ARM.Collect$$libshutdown$$00000004  c_w.l(libshutdown2.o)
    0x080001b2   0x080001b2   0x00000000   Code   RO         9570    .ARM.Collect$$libshutdown$$00000007  c_w.l(libshutdown2.o)
    0x080001b2   0x080001b2   0x00000000   Code   RO         9573    .ARM.Collect$$libshutdown$$0000000A  c_w.l(libshutdown2.o)
    0x080001b2   0x080001b2   0x00000000   Code   RO         9575    .ARM.Collect$$libshutdown$$0000000C  c_w.l(libshutdown2.o)
    0x080001b2   0x080001b2   0x00000000   Code   RO         9578    .ARM.Collect$$libshutdown$$0000000F  c_w.l(libshutdown2.o)
    0x080001b2   0x080001b2   0x00000002   Code   RO         9579    .ARM.Collect$$libshutdown$$00000010  c_w.l(libshutdown2.o)
    0x080001b4   0x080001b4   0x00000000   Code   RO         9407    .ARM.Collect$$rtentry$$00000000  c_w.l(__rtentry.o)
    0x080001b4   0x080001b4   0x00000000   Code   RO         9494    .ARM.Collect$$rtentry$$00000002  c_w.l(__rtentry2.o)
    0x080001b4   0x080001b4   0x00000006   Code   RO         9506    .ARM.Collect$$rtentry$$00000004  c_w.l(__rtentry4.o)
    0x080001ba   0x080001ba   0x00000000   Code   RO         9496    .ARM.Collect$$rtentry$$00000009  c_w.l(__rtentry2.o)
    0x080001ba   0x080001ba   0x00000004   Code   RO         9497    .ARM.Collect$$rtentry$$0000000A  c_w.l(__rtentry2.o)
    0x080001be   0x080001be   0x00000000   Code   RO         9499    .ARM.Collect$$rtentry$$0000000C  c_w.l(__rtentry2.o)
    0x080001be   0x080001be   0x00000008   Code   RO         9500    .ARM.Collect$$rtentry$$0000000D  c_w.l(__rtentry2.o)
    0x080001c6   0x080001c6   0x00000002   Code   RO         9554    .ARM.Collect$$rtexit$$00000000  c_w.l(rtexit.o)
    0x080001c8   0x080001c8   0x00000000   Code   RO         9583    .ARM.Collect$$rtexit$$00000002  c_w.l(rtexit2.o)
    0x080001c8   0x080001c8   0x00000004   Code   RO         9584    .ARM.Collect$$rtexit$$00000003  c_w.l(rtexit2.o)
    0x080001cc   0x080001cc   0x00000006   Code   RO         9585    .ARM.Collect$$rtexit$$00000004  c_w.l(rtexit2.o)
    0x080001d2   0x080001d2   0x00000002   PAD
    0x080001d4   0x080001d4   0x00000096   Code   RO         8144    .emb_text           port.o
    0x0800026a   0x0800026a   0x00000002   PAD
    0x0800026c   0x0800026c   0x00000000   Code   RO         9510    .emb_text           c_w.l(maybetermalloc1.o)
    0x0800026c   0x0800026c   0x00000040   Code   RO           20    .text               startup_stm32f10x_hd.o
    0x080002ac   0x080002ac   0x0000005e   Code   RO         9339    .text               c_w.l(h1_alloc.o)
    0x0800030a   0x0800030a   0x00000048   Code   RO         9393    .text               c_w.l(strcpy.o)
    0x08000352   0x08000352   0x00000044   Code   RO         9397    .text               c_w.l(rt_memclr.o)
    0x08000396   0x08000396   0x0000004e   Code   RO         9399    .text               c_w.l(rt_memclr_w.o)
    0x080003e4   0x080003e4   0x00000006   Code   RO         9401    .text               c_w.l(heapauxi.o)
    0x080003ea   0x080003ea   0x00000002   PAD
    0x080003ec   0x080003ec   0x00000008   Code   RO         9411    .text               c_w.l(rt_heap_descriptor_intlibspace.o)
    0x080003f4   0x080003f4   0x00000004   Code   RO         9413    .text               c_w.l(hguard.o)
    0x080003f8   0x080003f8   0x0000008a   Code   RO         9415    .text               c_w.l(init_alloc.o)
    0x08000482   0x08000482   0x0000000e   Code   RO         9421    .text               c_w.l(h1_init.o)
    0x08000490   0x08000490   0x0000004e   Code   RO         9423    .text               c_w.l(h1_free.o)
    0x080004de   0x080004de   0x00000002   PAD
    0x080004e0   0x080004e0   0x00000008   Code   RO         9490    .text               c_w.l(libspace.o)
    0x080004e8   0x080004e8   0x00000034   Code   RO         9512    .text               c_w.l(h1_extend.o)
    0x0800051c   0x0800051c   0x0000000e   Code   RO         9516    .text               c_w.l(defsig_rtmem_outer.o)
    0x0800052a   0x0800052a   0x00000002   Code   RO         9527    .text               c_w.l(use_no_semi.o)
    0x0800052c   0x0800052c   0x00000000   Code   RO         9529    .text               c_w.l(indicate_semi.o)
    0x0800052c   0x0800052c   0x0000004a   Code   RO         9530    .text               c_w.l(sys_stackheap_outer.o)
    0x08000576   0x08000576   0x00000012   Code   RO         9536    .text               c_w.l(exit.o)
    0x08000588   0x08000588   0x0000000a   Code   RO         9538    .text               c_w.l(defsig_exit.o)
    0x08000592   0x08000592   0x00000002   PAD
    0x08000594   0x08000594   0x00000050   Code   RO         9540    .text               c_w.l(defsig_rtmem_inner.o)
    0x080005e4   0x080005e4   0x0000000c   Code   RO         9552    .text               c_w.l(sys_exit.o)
    0x080005f0   0x080005f0   0x00000032   Code   RO         9562    .text               c_w.l(defsig_general.o)
    0x08000622   0x08000622   0x0000000e   Code   RO         9580    .text               c_w.l(sys_wrch.o)
    0x08000630   0x08000630   0x00000002   Code   RO         8965    i.BusFault_Handler  stm32f10x_it.o
    0x08000632   0x08000632   0x00000002   Code   RO         8966    i.DebugMon_Handler  stm32f10x_it.o
    0x08000634   0x08000634   0x00000018   Code   RO         9016    i.Delay_ms          delay.o
    0x0800064c   0x0800064c   0x00000020   Code   RO         9018    i.Delay_us          delay.o
    0x0800066c   0x0800066c   0x000000a6   Code   RO         1311    i.GPIO_Init         stm32f10x_gpio.o
    0x08000712   0x08000712   0x0000000e   Code   RO         1315    i.GPIO_ReadInputDataBit  stm32f10x_gpio.o
    0x08000720   0x08000720   0x00000004   Code   RO         1318    i.GPIO_ResetBits    stm32f10x_gpio.o
    0x08000724   0x08000724   0x00000004   Code   RO         1319    i.GPIO_SetBits      stm32f10x_gpio.o
    0x08000728   0x08000728   0x00000014   Code   RO         9040    i.GetOSRunTimeNow   systemtime.o
    0x0800073c   0x0800073c   0x00000002   Code   RO         8967    i.HardFault_Handler  stm32f10x_it.o
    0x0800073e   0x0800073e   0x00000002   Code   RO         8968    i.MemManage_Handler  stm32f10x_it.o
    0x08000740   0x08000740   0x000000d8   Code   RO         9182    i.Menu_Init         applocation_ui.o
    0x08000818   0x08000818   0x00000002   Code   RO         8969    i.NMI_Handler       stm32f10x_it.o
    0x0800081a   0x0800081a   0x00000002   PAD
    0x0800081c   0x0800081c   0x00000014   Code   RO          138    i.NVIC_PriorityGroupConfig  misc.o
    0x08000830   0x08000830   0x0000005c   Code   RO         9089    i.OLED_I2C_Init     i2c.o
    0x0800088c   0x0800088c   0x00000010   Code   RO         9090    i.OLED_I2C_SCL_High  i2c.o
    0x0800089c   0x0800089c   0x00000010   Code   RO         9091    i.OLED_I2C_SCL_Low  i2c.o
    0x080008ac   0x080008ac   0x00000010   Code   RO         9092    i.OLED_I2C_SDA_High  i2c.o
    0x080008bc   0x080008bc   0x00000010   Code   RO         9093    i.OLED_I2C_SDA_Low  i2c.o
    0x080008cc   0x080008cc   0x00000014   Code   RO         9183    i.OLED_UI_Init      applocation_ui.o
    0x080008e0   0x080008e0   0x0000001c   Code   RO         1727    i.RCC_APB1PeriphClockCmd  stm32f10x_rcc.o
    0x080008fc   0x080008fc   0x0000001c   Code   RO         1729    i.RCC_APB2PeriphClockCmd  stm32f10x_rcc.o
    0x08000918   0x08000918   0x00000004   Code   RO           24    i.SetSysClock       system_stm32f10x.o
    0x0800091c   0x0800091c   0x000000b0   Code   RO           25    i.SetSysClockTo72   system_stm32f10x.o
    0x080009cc   0x080009cc   0x00000098   Code   RO         9044    i.SingleTimeoutCheck  systemtime.o
    0x08000a64   0x08000a64   0x00000004   Code   RO         8970    i.SysTick_Handler   stm32f10x_it.o
    0x08000a68   0x08000a68   0x00000050   Code   RO           27    i.SystemInit        system_stm32f10x.o
    0x08000ab8   0x08000ab8   0x00000074   Code   RO         2345    i.TI1_Config        stm32f10x_tim.o
    0x08000b2c   0x08000b2c   0x0000007c   Code   RO         2346    i.TI2_Config        stm32f10x_tim.o
    0x08000ba8   0x08000ba8   0x00000078   Code   RO         2347    i.TI3_Config        stm32f10x_tim.o
    0x08000c20   0x08000c20   0x0000007c   Code   RO         2348    i.TI4_Config        stm32f10x_tim.o
    0x08000c9c   0x08000c9c   0x00000018   Code   RO         2361    i.TIM_Cmd           stm32f10x_tim.o
    0x08000cb4   0x08000cb4   0x00000032   Code   RO         2370    i.TIM_EncoderInterfaceConfig  stm32f10x_tim.o
    0x08000ce6   0x08000ce6   0x00000002   PAD
    0x08000ce8   0x08000ce8   0x000000cc   Code   RO         9131    i.TIM_Encoder_Init  timencoder.o
    0x08000db4   0x08000db4   0x00000004   Code   RO         2380    i.TIM_GetCounter    stm32f10x_tim.o
    0x08000db8   0x08000db8   0x0000008c   Code   RO         2384    i.TIM_ICInit        stm32f10x_tim.o
    0x08000e44   0x08000e44   0x00000010   Code   RO         2385    i.TIM_ICStructInit  stm32f10x_tim.o
    0x08000e54   0x08000e54   0x00000004   Code   RO         2426    i.TIM_SetCounter    stm32f10x_tim.o
    0x08000e58   0x08000e58   0x00000010   Code   RO         2427    i.TIM_SetIC1Prescaler  stm32f10x_tim.o
    0x08000e68   0x08000e68   0x00000018   Code   RO         2428    i.TIM_SetIC2Prescaler  stm32f10x_tim.o
    0x08000e80   0x08000e80   0x00000010   Code   RO         2429    i.TIM_SetIC3Prescaler  stm32f10x_tim.o
    0x08000e90   0x08000e90   0x00000018   Code   RO         2430    i.TIM_SetIC4Prescaler  stm32f10x_tim.o
    0x08000ea8   0x08000ea8   0x0000009c   Code   RO         2432    i.TIM_TimeBaseInit  stm32f10x_tim.o
    0x08000f44   0x08000f44   0x0000000e   Code   RO         9184    i.UI_Display        applocation_ui.o
    0x08000f52   0x08000f52   0x00000002   Code   RO         8971    i.UsageFault_Handler  stm32f10x_it.o
    0x08000f54   0x08000f54   0x0000001a   Code   RO         9185    i.addSubItem        applocation_ui.o
    0x08000f6e   0x08000f6e   0x00000026   Code   RO         9187    i.createMenuItem    applocation_ui.o
    0x08000f94   0x08000f94   0x0000005c   Code   RO         9188    i.drawMenu          applocation_ui.o
    0x08000ff0   0x08000ff0   0x00000128   Code   RO         9287    i.eTIMEncoder1State  application_timencoder.o
    0x08001118   0x08001118   0x0000000c   Code   RO         9288    i.eTIMEncoderExternState  application_timencoder.o
    0x08001124   0x08001124   0x00000064   Code   RO         9289    i.eTIMEncoderTurnState  application_timencoder.o
    0x08001188   0x08001188   0x00000070   Code   RO         9189    i.handleButtonPress  applocation_ui.o
    0x080011f8   0x080011f8   0x00000008   Code   RO         7208    i.i2c_clear_scl     u8x8_byte.o
    0x08001200   0x08001200   0x00000008   Code   RO         7209    i.i2c_clear_sda     u8x8_byte.o
    0x08001208   0x08001208   0x0000000a   Code   RO         7210    i.i2c_delay         u8x8_byte.o
    0x08001212   0x08001212   0x00000022   Code   RO         7211    i.i2c_init          u8x8_byte.o
    0x08001234   0x08001234   0x0000002c   Code   RO         7212    i.i2c_read_bit      u8x8_byte.o
    0x08001260   0x08001260   0x00000018   Code   RO         7213    i.i2c_read_scl_and_delay  u8x8_byte.o
    0x08001278   0x08001278   0x00000008   Code   RO         7214    i.i2c_read_sda      u8x8_byte.o
    0x08001280   0x08001280   0x0000003e   Code   RO         7215    i.i2c_start         u8x8_byte.o
    0x080012be   0x080012be   0x0000002a   Code   RO         7216    i.i2c_stop          u8x8_byte.o
    0x080012e8   0x080012e8   0x0000002c   Code   RO         7217    i.i2c_write_bit     u8x8_byte.o
    0x08001314   0x08001314   0x00000060   Code   RO         7218    i.i2c_write_byte    u8x8_byte.o
    0x08001374   0x08001374   0x0000001a   Code   RO         8926    i.main              main.o
    0x0800138e   0x0800138e   0x00000002   PAD
    0x08001390   0x08001390   0x0000008c   Code   RO         8620    i.prvAddCurrentTaskToDelayedList  tasks.o
    0x0800141c   0x0800141c   0x000000a8   Code   RO         8621    i.prvAddNewTaskToReadyList  tasks.o
    0x080014c4   0x080014c4   0x0000003c   Code   RO         8622    i.prvCheckTasksWaitingTermination  tasks.o
    0x08001500   0x08001500   0x00000014   Code   RO         8623    i.prvDeleteTCB      tasks.o
    0x08001514   0x08001514   0x00000048   Code   RO         8047    i.prvHeapInit       heap_4.o
    0x0800155c   0x0800155c   0x00000028   Code   RO         8624    i.prvIdleTask       tasks.o
    0x08001584   0x08001584   0x0000006e   Code   RO         8625    i.prvInitialiseNewTask  tasks.o
    0x080015f2   0x080015f2   0x00000002   PAD
    0x080015f4   0x080015f4   0x00000058   Code   RO         8626    i.prvInitialiseTaskLists  tasks.o
    0x0800164c   0x0800164c   0x00000054   Code   RO         8048    i.prvInsertBlockIntoFreeList  heap_4.o
    0x080016a0   0x080016a0   0x00000020   Code   RO         8627    i.prvResetNextTaskUnblockTime  tasks.o
    0x080016c0   0x080016c0   0x00000010   Code   RO         8145    i.prvTaskExitError  port.o
    0x080016d0   0x080016d0   0x000000a0   Code   RO         8050    i.pvPortMalloc      heap_4.o
    0x08001770   0x08001770   0x0000001c   Code   RO         8146    i.pxPortInitialiseStack  port.o
    0x0800178c   0x0800178c   0x00000034   Code   RO         9190    i.u8g2Init          applocation_ui.o
    0x080017c0   0x080017c0   0x00000012   Code   RO         3959    i.u8g2_ClearBuffer  u8g2_buffer.o
    0x080017d2   0x080017d2   0x00000060   Code   RO         4168    i.u8g2_DrawGlyph    u8g2_font.o
    0x08001832   0x08001832   0x000000ae   Code   RO         6504    i.u8g2_DrawHVLine   u8g2_hvline.o
    0x080018e0   0x080018e0   0x00000010   Code   RO         4170    i.u8g2_DrawStr      u8g2_font.o
    0x080018f0   0x080018f0   0x0000002e   Code   RO         6565    i.u8g2_IsIntersection  u8g2_intersection.o
    0x0800191e   0x0800191e   0x00000014   Code   RO         3962    i.u8g2_SendBuffer   u8g2_buffer.o
    0x08001932   0x08001932   0x00000010   Code   RO         6507    i.u8g2_SetDrawColor  u8g2_hvline.o
    0x08001942   0x08001942   0x00000020   Code   RO         4189    i.u8g2_SetFont      u8g2_font.o
    0x08001962   0x08001962   0x00000002   PAD
    0x08001964   0x08001964   0x0000000c   Code   RO         4192    i.u8g2_SetFontPosBaseline  u8g2_font.o
    0x08001970   0x08001970   0x00000018   Code   RO         6780    i.u8g2_SetMaxClipWindow  u8g2_setup.o
    0x08001988   0x08001988   0x00000046   Code   RO         6781    i.u8g2_SetupBuffer  u8g2_setup.o
    0x080019ce   0x080019ce   0x00000002   PAD
    0x080019d0   0x080019d0   0x00000038   Code   RO         4154    i.u8g2_Setup_ssd1306_i2c_128x64_noname_f  u8g2_d_setup.o
    0x08001a08   0x08001a08   0x00000056   Code   RO         4199    i.u8g2_UpdateRefHeight  u8g2_font.o
    0x08001a5e   0x08001a5e   0x00000024   Code   RO         4200    i.u8g2_add_vector_x  u8g2_font.o
    0x08001a82   0x08001a82   0x00000024   Code   RO         4201    i.u8g2_add_vector_y  u8g2_font.o
    0x08001aa6   0x08001aa6   0x0000006a   Code   RO         6783    i.u8g2_apply_clip_window  u8g2_setup.o
    0x08001b10   0x08001b10   0x00000040   Code   RO         6508    i.u8g2_clip_intersection2  u8g2_hvline.o
    0x08001b50   0x08001b50   0x00000012   Code   RO         6509    i.u8g2_draw_hv_line_2dir  u8g2_hvline.o
    0x08001b62   0x08001b62   0x0000000c   Code   RO         6785    i.u8g2_draw_l90_r0  u8g2_setup.o
    0x08001b6e   0x08001b6e   0x00000072   Code   RO         4202    i.u8g2_draw_string  u8g2_font.o
    0x08001be0   0x08001be0   0x00000004   Code   RO         4209    i.u8g2_font_calc_vref_font  u8g2_font.o
    0x08001be4   0x08001be4   0x00000016   Code   RO         4211    i.u8g2_font_decode_get_signed_bits  u8g2_font.o
    0x08001bfa   0x08001bfa   0x00000034   Code   RO         4212    i.u8g2_font_decode_get_unsigned_bits  u8g2_font.o
    0x08001c2e   0x08001c2e   0x00000138   Code   RO         4213    i.u8g2_font_decode_glyph  u8g2_font.o
    0x08001d66   0x08001d66   0x0000009c   Code   RO         4214    i.u8g2_font_decode_len  u8g2_font.o
    0x08001e02   0x08001e02   0x00000026   Code   RO         4215    i.u8g2_font_draw_glyph  u8g2_font.o
    0x08001e28   0x08001e28   0x00000006   Code   RO         4216    i.u8g2_font_get_byte  u8g2_font.o
    0x08001e2e   0x08001e2e   0x00000078   Code   RO         4217    i.u8g2_font_get_glyph_data  u8g2_font.o
    0x08001ea6   0x08001ea6   0x00000014   Code   RO         4218    i.u8g2_font_get_word  u8g2_font.o
    0x08001eba   0x08001eba   0x00000034   Code   RO         4219    i.u8g2_font_setup_decode  u8g2_font.o
    0x08001eee   0x08001eee   0x00000050   Code   RO         9191    i.u8g2_gpio_and_delay_stm32  applocation_ui.o
    0x08001f3e   0x08001f3e   0x0000002c   Code   RO         6566    i.u8g2_is_intersection_decision_tree  u8g2_intersection.o
    0x08001f6a   0x08001f6a   0x00000090   Code   RO         6614    i.u8g2_ll_hvline_vertical_top_lsb  u8g2_ll_hvline.o
    0x08001ffa   0x08001ffa   0x00000002   PAD
    0x08001ffc   0x08001ffc   0x0000000c   Code   RO         4141    i.u8g2_m_16_8_f     u8g2_d_memory.o
    0x08002008   0x08002008   0x000000d0   Code   RO         4221    i.u8g2_read_font_info  u8g2_font.o
    0x080020d8   0x080020d8   0x00000034   Code   RO         3970    i.u8g2_send_buffer  u8g2_buffer.o
    0x0800210c   0x0800210c   0x00000020   Code   RO         3971    i.u8g2_send_tile_row  u8g2_buffer.o
    0x0800212c   0x0800212c   0x00000046   Code   RO         6790    i.u8g2_update_dimension_common  u8g2_setup.o
    0x08002172   0x08002172   0x00000004   Code   RO         6791    i.u8g2_update_dimension_r0  u8g2_setup.o
    0x08002176   0x08002176   0x00000018   Code   RO         6795    i.u8g2_update_page_win_r0  u8g2_setup.o
    0x0800218e   0x0800218e   0x0000001e   Code   RO         7621    i.u8x8_DrawTile     u8x8_display.o
    0x080021ac   0x080021ac   0x00000010   Code   RO         7623    i.u8x8_InitDisplay  u8x8_display.o
    0x080021bc   0x080021bc   0x00000010   Code   RO         7625    i.u8x8_RefreshDisplay  u8x8_display.o
    0x080021cc   0x080021cc   0x00000010   Code   RO         7628    i.u8x8_SetPowerSave  u8x8_display.o
    0x080021dc   0x080021dc   0x00000024   Code   RO         7927    i.u8x8_Setup        u8x8_setup.o
    0x08002200   0x08002200   0x00000028   Code   RO         7928    i.u8x8_SetupDefaults  u8x8_setup.o
    0x08002228   0x08002228   0x00000010   Code   RO         7629    i.u8x8_SetupMemory  u8x8_display.o
    0x08002238   0x08002238   0x00000010   Code   RO         7087    i.u8x8_ascii_next   u8x8_8x8.o
    0x08002248   0x08002248   0x00000010   Code   RO         7223    i.u8x8_byte_EndTransfer  u8x8_byte.o
    0x08002258   0x08002258   0x0000000c   Code   RO         7224    i.u8x8_byte_SendByte  u8x8_byte.o
    0x08002264   0x08002264   0x00000010   Code   RO         7225    i.u8x8_byte_SendBytes  u8x8_byte.o
    0x08002274   0x08002274   0x00000010   Code   RO         7227    i.u8x8_byte_StartTransfer  u8x8_byte.o
    0x08002284   0x08002284   0x0000005c   Code   RO         7232    i.u8x8_byte_sw_i2c  u8x8_byte.o
    0x080022e0   0x080022e0   0x00000010   Code   RO         7359    i.u8x8_cad_EndTransfer  u8x8_cad.o
    0x080022f0   0x080022f0   0x00000010   Code   RO         7360    i.u8x8_cad_SendArg  u8x8_cad.o
    0x08002300   0x08002300   0x00000010   Code   RO         7361    i.u8x8_cad_SendCmd  u8x8_cad.o
    0x08002310   0x08002310   0x00000010   Code   RO         7362    i.u8x8_cad_SendData  u8x8_cad.o
    0x08002320   0x08002320   0x00000064   Code   RO         7364    i.u8x8_cad_SendSequence  u8x8_cad.o
    0x08002384   0x08002384   0x00000010   Code   RO         7365    i.u8x8_cad_StartTransfer  u8x8_cad.o
    0x08002394   0x08002394   0x000000c8   Code   RO         7368    i.u8x8_cad_ssd13xx_fast_i2c  u8x8_cad.o
    0x0800245c   0x0800245c   0x00000062   Code   RO         7630    i.u8x8_d_helper_display_init  u8x8_display.o
    0x080024be   0x080024be   0x0000000a   Code   RO         7631    i.u8x8_d_helper_display_setup_memory  u8x8_display.o
    0x080024c8   0x080024c8   0x00000044   Code   RO         7545    i.u8x8_d_ssd1306_128x64_noname  u8x8_d_ssd1306_128x64_noname.o
    0x0800250c   0x0800250c   0x000000e0   Code   RO         7547    i.u8x8_d_ssd1306_sh1106_generic  u8x8_d_ssd1306_128x64_noname.o
    0x080025ec   0x080025ec   0x00000004   Code   RO         7930    i.u8x8_dummy_cb     u8x8_setup.o
    0x080025f0   0x080025f0   0x0000000c   Code   RO         7849    i.u8x8_gpio_call    u8x8_gpio.o
    0x080025fc   0x080025fc   0x0000002e   Code   RO         7376    i.u8x8_i2c_data_transfer  u8x8_cad.o
    0x0800262a   0x0800262a   0x00000008   Code   RO         7096    i.u8x8_utf8_init    u8x8_8x8.o
    0x08002632   0x08002632   0x00000026   Code   RO         8313    i.uxListRemove      list.o
    0x08002658   0x08002658   0x00000016   Code   RO         8314    i.vListInitialise   list.o
    0x0800266e   0x0800266e   0x00000006   Code   RO         8315    i.vListInitialiseItem  list.o
    0x08002674   0x08002674   0x00000030   Code   RO         8316    i.vListInsert       list.o
    0x080026a4   0x080026a4   0x0000001c   Code   RO         8148    i.vPortEnterCritical  port.o
    0x080026c0   0x080026c0   0x00000018   Code   RO         8149    i.vPortExitCritical  port.o
    0x080026d8   0x080026d8   0x00000044   Code   RO         8051    i.vPortFree         heap_4.o
    0x0800271c   0x0800271c   0x00000018   Code   RO         8150    i.vPortSetupTimerInterrupt  port.o
    0x08002734   0x08002734   0x00000034   Code   RO         9045    i.vRecordOSRunTime  systemtime.o
    0x08002768   0x08002768   0x00000012   Code   RO         9146    i.vSystemHardwareDriverInit  hardwaremanage.o
    0x0800277a   0x0800277a   0x00000010   Code   RO         9266    i.vSystemHardwareWorkTask  taskmanage.o
    0x0800278a   0x0800278a   0x00000002   PAD
    0x0800278c   0x0800278c   0x00000024   Code   RO         9290    i.vTIMEncoderCheckOperation  application_timencoder.o
    0x080027b0   0x080027b0   0x00000038   Code   RO         9267    i.vTaskCreateFunction  taskmanage.o
    0x080027e8   0x080027e8   0x00000034   Code   RO         8635    i.vTaskDelay        tasks.o
    0x0800281c   0x0800281c   0x00000050   Code   RO         8647    i.vTaskStartScheduler  tasks.o
    0x0800286c   0x0800286c   0x00000010   Code   RO         8649    i.vTaskSuspendAll   tasks.o
    0x0800287c   0x0800287c   0x00000048   Code   RO         8650    i.vTaskSwitchContext  tasks.o
    0x080028c4   0x080028c4   0x00000030   Code   RO         8151    i.xPortStartScheduler  port.o
    0x080028f4   0x080028f4   0x00000030   Code   RO         8152    i.xPortSysTickHandler  port.o
    0x08002924   0x08002924   0x00000068   Code   RO         8653    i.xTaskCreate       tasks.o
    0x0800298c   0x0800298c   0x0000011c   Code   RO         8662    i.xTaskIncrementTick  tasks.o
    0x08002aa8   0x08002aa8   0x00000118   Code   RO         8664    i.xTaskResumeAll    tasks.o
    0x08002bc0   0x08002bc0   0x0000048e   Data   RO         5841    .constdata          u8g2_fonts.o
    0x0800304e   0x0800304e   0x00000002   PAD
    0x08003050   0x08003050   0x0000000c   Data   RO         6799    .constdata          u8g2_setup.o
    0x0800305c   0x0800305c   0x00000158   Data   RO         7549    .constdata          u8x8_d_ssd1306_128x64_noname.o
    0x080031b4   0x080031b4   0x00000020   Data   RO         9610    Region$$Table       anon$$obj.o


    Execution Region RW_IRAM1 (Exec base: 0x20000000, Load base: 0x080031d4, Size: 0x00008670, Max: 0x00010000, ABSOLUTE)

    Exec Addr    Load Addr    Size         Type   Attr      Idx    E Section Name        Object

    0x20000000   0x080031d4   0x00000006   Data   RW         7378    .data               u8x8_cad.o
    0x20000006   0x080031da   0x00000002   PAD
    0x20000008   0x080031dc   0x0000001c   Data   RW         8057    .data               heap_4.o
    0x20000024   0x080031f8   0x00000004   Data   RW         8153    .data               port.o
    0x20000028   0x080031fc   0x00000040   Data   RW         8667    .data               tasks.o
    0x20000068   0x0800323c   0x00000001   Data   RW         9047    .data               systemtime.o
    0x20000069   0x0800323d   0x00000003   PAD
    0x2000006c   0x08003240   0x0000000c   Data   RW         9193    .data               applocation_ui.o
    0x20000078   0x0800324c   0x00000004   Data   RW         9292    .data               application_timencoder.o
    0x2000007c        -       0x00000400   Zero   RW         4142    .bss                u8g2_d_memory.o
    0x2000047c        -       0x00007800   Zero   RW         8056    .bss                heap_4.o
    0x20007c7c        -       0x000002e4   Zero   RW         8666    .bss                tasks.o
    0x20007f60        -       0x0000000c   Zero   RW         9046    .bss                systemtime.o
    0x20007f6c        -       0x00000094   Zero   RW         9192    .bss                applocation_ui.o
    0x20008000        -       0x0000000c   Zero   RW         9291    .bss                application_timencoder.o
    0x2000800c        -       0x00000060   Zero   RW         9491    .bss                c_w.l(libspace.o)
    0x2000806c   0x08003250   0x00000004   PAD
    0x20008070        -       0x00000200   Zero   RW           18    HEAP                startup_stm32f10x_hd.o
    0x20008270        -       0x00000400   Zero   RW           17    STACK               startup_stm32f10x_hd.o


==============================================================================

Image component sizes


      Code (inc. data)   RO Data    RW Data    ZI Data      Debug   Object Name

       444         30          0          4         12       3016   application_timencoder.o
       650        116          0         12        148     169269   applocation_ui.o
         0          0          0          0          0       4540   core_cm3.o
        56          0          0          0          0        906   delay.o
        18          0          0          0          0        476   hardwaremanage.o
       384         26          0         28      30720      14987   heap_4.o
       156         28          0          0          0       2062   i2c.o
       114          0          0          0          0       2489   list.o
        26          0          0          0          0       2071   main.o
        20         10          0          0          0     203535   misc.o
         0          0          0          0          0        524   mui.o
         0          0          0          0          0     163118   mui_u8g2.o
       366         46          0          4          0       8544   port.o
        64         26        304          0       1536        776   startup_stm32f10x_hd.o
       188          0          0          0          0       3524   stm32f10x_gpio.o
        16          0          0          0          0       2803   stm32f10x_it.o
        56         12          0          0          0       1098   stm32f10x_rcc.o
       958        148          0          0          0      10012   stm32f10x_tim.o
       260         26          0          0          0      30389   system_stm32f10x.o
       224         12          0          1         12       2731   systemtime.o
        72         30          0          0          0        948   taskmanage.o
      1546        120          0         64        740      25615   tasks.o
       204         12          0          0          0        679   timencoder.o
       122          0          0          0          0       2589   u8g2_buffer.o
        12          4          0          0       1024        744   u8g2_d_memory.o
        56         12          0          0          0        981   u8g2_d_setup.o
      1418         10          0          0          0      13024   u8g2_font.o
         0          0       1166          0          0     149467   u8g2_fonts.o
       272          0          0          0          0       2907   u8g2_hvline.o
        90          0          0          0          0       1491   u8g2_intersection.o
       144          0          0          0          0       1342   u8g2_ll_hvline.o
       310          0         12          0          0     150247   u8g2_setup.o
        24          0          0          0          0        955   u8x8_8x8.o
       532          0          0          0          0       8020   u8x8_byte.o
       426         12          0          6          0       8200   u8x8_cad.o
       292         12        344          0          0       2983   u8x8_d_ssd1306_128x64_noname.o
       202          0          0          0          0       3946   u8x8_display.o
        12          0          0          0          0        537   u8x8_gpio.o
        80          6          0          0          0       1702   u8x8_setup.o

    ----------------------------------------------------------------------
      9832        698       1860        124      34192    1003247   Object Totals
         0          0         32          0          0          0   (incl. Generated)
        18          0          2          5          0          0   (incl. Padding)

    ----------------------------------------------------------------------

      Code (inc. data)   RO Data    RW Data    ZI Data      Debug   Library Member Name

         8          0          0          0          0         68   __main.o
         0          0          0          0          0          0   __rtentry.o
        12          0          0          0          0          0   __rtentry2.o
         6          0          0          0          0          0   __rtentry4.o
        52          8          0          0          0          0   __scatter.o
        26          0          0          0          0          0   __scatter_copy.o
        28          0          0          0          0          0   __scatter_zi.o
        10          0          0          0          0         68   defsig_exit.o
        50          0          0          0          0         88   defsig_general.o
        80         58          0          0          0         76   defsig_rtmem_inner.o
        14          0          0          0          0         80   defsig_rtmem_outer.o
        18          0          0          0          0         80   exit.o
        94          0          0          0          0         80   h1_alloc.o
        52          0          0          0          0         68   h1_extend.o
        78          0          0          0          0         80   h1_free.o
        14          0          0          0          0         84   h1_init.o
         6          0          0          0          0        152   heapauxi.o
         4          0          0          0          0        136   hguard.o
         0          0          0          0          0          0   indicate_semi.o
       138          0          0          0          0        168   init_alloc.o
         2          0          0          0          0          0   libinit.o
        10          0          0          0          0          0   libinit2.o
         2          0          0          0          0          0   libshutdown.o
         2          0          0          0          0          0   libshutdown2.o
         8          4          0          0         96         68   libspace.o
         0          0          0          0          0          0   maybetermalloc1.o
         8          4          0          0          0         68   rt_heap_descriptor_intlibspace.o
        68          0          0          0          0         68   rt_memclr.o
        78          0          0          0          0         80   rt_memclr_w.o
         2          0          0          0          0          0   rtexit.o
        10          0          0          0          0          0   rtexit2.o
        72          0          0          0          0         80   strcpy.o
        12          4          0          0          0         68   sys_exit.o
        74          0          0          0          0         80   sys_stackheap_outer.o
        14          0          0          0          0         76   sys_wrch.o
         2          0          0          0          0         68   use_no_semi.o

    ----------------------------------------------------------------------
      1064         78          0          0        100       1884   Library Totals
        10          0          0          0          4          0   (incl. Padding)

    ----------------------------------------------------------------------

      Code (inc. data)   RO Data    RW Data    ZI Data      Debug   Library Name

      1054         78          0          0         96       1884   c_w.l

    ----------------------------------------------------------------------
      1064         78          0          0        100       1884   Library Totals

    ----------------------------------------------------------------------

==============================================================================


      Code (inc. data)   RO Data    RW Data    ZI Data      Debug   

     10896        776       1860        124      34292     995611   Grand Totals
     10896        776       1860        124      34292     995611   ELF Image Totals
     10896        776       1860        124          0          0   ROM Totals

==============================================================================

    Total RO  Size (Code + RO Data)                12756 (  12.46kB)
    Total RW  Size (RW Data + ZI Data)             34416 (  33.61kB)
    Total ROM Size (Code + RO Data + RW Data)      12880 (  12.58kB)

==============================================================================

